Gs^Fms, Gs^Fms, Gs^Fms, Gs^Fms, Gs^Fms, Gs^Fms, Gs^Fms, Gs^Fms, Hh, Gs^Fms, Gs^Fms, Hh, Hh, Gs^Fms, Gs^Fms, Mm, Gs^Fds, Gs^Fms, Mm, Mm, Mm, Ww, Ww, Mm, Mm, Mm, Gs^Fms, Gs^Fms, Gs^Fds, Gs^Fds, Gs^Fms, Mm, Gs^Fds, Gs^Fms, Mm, Mm, Wo, Ww, Gg, Gs, Gg, Gg, Mm, Gg, Mm, Mm, Mm, Mm, Mm, Mm, Mm, Mm, Mm, Mm, Mm, Mm, Mm, Mm, Mm, Mm, Mm, Mm, Mm, Mm, Mm, Mm, Mm, Mm, Mm, Mm, Mm, Mm, Hh, Mm, Mm, Mm, Mm, Mm, Mm, Mm, Hh, Mm
Gs^Fms, Gs^Fms, Gs^Fms, Gs^Fms, Gs^Fms, Hh, Gs^Fms, Gs^Fms, Gs^Fms, Hh, Hh, Hh, Hh, Hh, Gs^Fds, Gs^Fms, Gs^Fds, Mm, Mm, Mm, Mm, Ww, Ww, Mm, Mm, Gs^Fms, Mm, Gs^Fms, Gs^Fms, Mm, Gs^Fms, Gs^Fms, Mm, Gg, Wo, Wo, Gs, Gs, Mm, Gg, Mm, Mm, Mm, Mm, Mm, Mm, Mm, Mm, Mm, Mm, Mm, Mm, Mm, Mm, Mm, Mm, Mm, Mm, Mm, Mm, Mm, Mm, Mm, Mm, Wwrg, Mm, Mm, Mm, Hh, Hh, Wwrg^Wkf, Hh, Wwg, Wo^Wkf, Wo^Ewf, Hh, Hh, Hh, Hh, Hh, Wwg^Ewf, Hh
Gs^Fms, Gs^Fms, Gs^Fms, Gs^Fms, Gs^Fms, Gs^Fms, Gs^Fms, Gs^Fms, Gs^Fms, Gs^Fms, Gs^Fms, Gs^Fms, Hh, Gs^Fds, Hh, Gs^Fds, Gs^Fms, Mm, Gs^Fds, Mm, Mm, Mm, Wo, Mm, Mm, Mm, Mm, Mm, Mm, Gs^Fms, Mm, Mm, Mm, Wo, Gs, Mm, Mm, Gs, Gs, Mm, Mm, Mm, Mm, Mm, Mm, Mm, Mm, Mm, Mm, Mm, Mm, Mm, Mm, Mm, Wwg, Mm, Mm, Mm, Mm, Mm, Mm, Mm, Mm, Mm, Mm, Wwg, Mm, Mm, Wwrg, Wwg, Wo, Wo^Ewf, Wwg, Wwg^Wkf, Wo, Wwg^Ewl, Wwrg, Hh, Wwrg, Hh, Wwg^Wkf, Wwg
Gs^Fms, Gs^Fms, Gs^Fms, Gs^Fms, Gs^Fms, Gs^Fms, Gs^Fms, Gs^Fms, Gs^Fms, Gs^Fms, Hh, Gs^Fms, Gs^Fms, Gs^Fds, Gs^Fds, Gs^Fds, Gs^Fms, Mm, Gs^Fms, Mm, Mm, Mm, Mm, Wo, Mm, Mm, Gs^Fms, Gs^Fms, Mm, Mm, Mm, Mm, Mm, Wog, Ww, Mm, Gs, Gs, Mm, Mm, Mm, Mm, Mm, Mm, Mm, Mm, Mm, Mm, Mm, Mm, Mm, Mm, Gg, Mm, Wwrg, Mm, Mm, Mm, Mm, Mm, Mm, Mm, Mm, Mm, Mm, Wwrg, Wwg, Mm, Wo, Wwg^Wkf, Wwg^Wkf, Wo, Hh, Wwrg, Wo^Wkf, Wwg, Wwg, Wwg, Wwg, Wo, Hh, Wwg
Gs^Fms, Gs^Fms, Gs^Fms, Gs^Fms, Gs^Fms, Gs^Fms, Gs^Fms, Gs^Fms, Gs^Fms, Gs^Fms, Gs^Fms, Gs^Fms, Gs^Fms, Hh, Hh, Mm, Gs^Fms, Mm, Gs^Fds, Mm, Mm, Mm, Mm, Wo, Ww, Mm, Mm, Mm, Mm, Mm, Mm, Mm, Wog, Wog, Gs, Gs, Gg, Gs, Gg^Fms, Mm, Mm, Mm, Mm, Gg, Mm, Mm, Mm, Gg, Mm, Mm, Mm, Mm, Mm, Wwg, Mm, Mm, Mm, Gg, Mm, Mm, Mm, Mm, Gg^Fms, Mm, Mm, Mm, Hh, Wwg^Ewl, Wo, Wwg, Hh, Hh, Mm, Mm, Hh, Wwrg, Wo^Ewl, Wo^Wkf, Hh, Wwrg, Mm, Mm
Gs^Fms, Gs^Fms, Gs^Fms, Gs^Fms, Gs^Fms, Gs^Fms, Gs^Fms, Gs^Fms, Gs^Fms, Gs^Fms, Gs^Fms, Gs^Fms, Gs^Fms, Gs^Fms, Mm, Hh, Gs^Fms, Mm, Gs^Fds, Mm, Mm, Mm, Mm, Mm, Ww, Mm, Mm, Mm, Re, Mm, Wog, Wog, Mm, Gs, Mm, Gg^Fms, Mm, Mm, Mm, Mm, Mm, Mm, Mm, Mm, Mm, Mm, Mm, Mm, Mm, Gd, Gs, Mm, Mm, Wwrg, Wwrg, Mm, Gd, Mm, Mm, Mm, Mm, Mm, Mm, Gd^Fms, Mm, Mm, Hh, Wwg^Wkf, Wwg^Wkf, Wo, Mm, Mm, Mm, Gs, Mm, Hh, Mm, Mm, Mm, Hh, Mm, Mm
Gs^Fms, Gs^Fms, Gs^Fms, Gs^Fms, Gs^Fms, Gs^Fms, Gs^Fms, Gs^Fms, Gs^Fms, Gs^Fms, Gs^Fms, Gs^Fms, Gs^Fms, Gs^Fms, Gs^Fms, Mm, Hh, Mm, Gs^Fds, Hh, Mm, Mm, Mm, Mm, Mm, Wo, Hh, Mm, Wot, Mm, Wog, Hh, Mm, Mm, Mm, Gg^Fms, Mm, Mm, Gg, Mm, Gs, Mm, Mm, Gs, Gd, Mm, Mm, Mm, Mm, Mm, Mm, Mm, Mm, Mm, Wwg, Mm, Mm, Mm, Mm, Mm, Mm, Mm, Mm, Mm, Mm, Mm, Mm, Wwg, Wo, Wwrg, Wwg^Ewl, Mm, Gd, Mm, Mm, Mm, Mm, Mm, Mm, Mm, Mm, Mm
Gs^Fms, Gs^Fms, Gs^Fms, Gs^Fms, Gs^Fms, Gs^Fms, Gs^Fms, Gs^Fms, Gs^Fms, Gs^Fms, Gs^Fms, Gs^Fms, Gs^Fms, Gs^Fms, Gs^Fms, Gs^Fms, Mm, Mm, Mm, Gs^Fms, Hh, Mm, Mm, Mm, Mm, Ww, Wo, Hh, Wog, Wog, Gg, Hh, Mm, Mm, Mm, Mm, Mm, Gs, Mm, Mm, Gg^Fms, Gs^Fms, Mm, Mm, Mm, Mm, Mm, Mm, Mm, Mm, Mm, Gs^Fms, Mm, Mm, Mm, Wwrg, Mm, Mm, Mm, Mm, Mm, Mm, Mm, Mm, Gs, Mm, Mm, Hh, Wwg, Wo, Wo, Wwrg, Wwg^Ewf, Mm, Gd, Mm, Mm, Mm, Mm, Mm, Mm, Mm
Gs^Fms, Gs^Fms, Gs^Fms, Gs^Fms, Gs^Fms, Gs^Fms, Gs^Fms, Gs^Fms, Gs^Fms, Gs^Fms, Gs^Fms, Gs^Fms, Gs^Fms, Gs^Fms, Mm, Mm, Mm, Gs^Fms, Mm, Mm, Mm, Mm, Gs^Fms, Mm, Hh, Hh, Wog, Ww, Gs, Gs, Mm, Mm, Mm, Mm, Mm, Mm, Mm, Mm, Gg^Fms, Gg, Mm, Gd, Gs^Fms, Mm, Mm, Mm, Gd, Mm, Mm, Mm, Mm, Mm, Wwrg, Mm, Mm, Wwrg, Wwrg, Gs, Gs, Mm^Fms, Mm, Mm, Mm, Mm, Mm, Mm, Mm, Mm, Gs, Wwg, Wo, Wo^Wkf, Wo^Wkf, Mm, Gd, Gs, Mm, Gs, Mm, Mm, Mm, Mm
Gs^Fms, Gs^Fms, Gs^Fms, Gs^Fms, Gs^Fms, Gs^Fms, Gs^Fms, Gs^Fms, Gs^Fms, Gs^Fms, Gs^Fms, Gs^Fms, Gs^Fms, Gs^Dr, Gs^Fms, Mm, Mm, Mm, Hh, Mm, Mm, Mm, Mm, Mm, Ww, Wog, Ww, Gg, Mm, Mm, Mm, Mm, Mm, Mm, Mm, Mm, Mm, Mm, Mm, Gd^Fms, Mm, Gs^Fms, Mm, Mm, Mm, Gg^Fms, Mm, Mm, Mm, Mm, Mm, Gg^Fms, Wwg, Mm, Gs^Fms, Gs, Mm, Wwg, Mm, Mm, Mm, Mm, Mm, Mm, Mm, Gd^Fms, Wwg^Wkf, Mm, Wwrg, Wo, Wwg, Wwg^Wkf, Mm, Mm, Mm, Mm, Mm, Mm, Mm, Mm, Mm, Mm
Gs^Fms, Gs^Fms, Gs^Fms, Gs^Fms, Gs^Fms, Gs^Fms, Gs^Fms, Gs^Fms, Gs^Fms, Gg, Gg, Gs^Fms, Gs^Fms, Gs^Fms, Mm, Mm, Hh, Gs^Fms, Gs^Fms, Mm, Mm, Mm, Wog, Ww, Wot, Ww, Wot, Mm, Mm, Mm, Mm, Mm, Gg^Fms, Mm, Mm, Gg^Fms, Mm, Mm, Mm, Mm, Mm, Mm, Mm, Mm, Gs, Mm, Mm, Mm, Wwrg, Mm, Mm, Wwrg, Mm, Mm, Gs^Fms, Mm, Wwg, Wwrg, Mm, Mm, Mm, Mm, Mm, Mm, Mm, Gg^Fms, Wwg, Wo, Wo, Wwrg^Ewl, Mm, Gg, Mm, Mm, Gg, Mm, Mm, Mm, Gs, Mm, Mm, Mm
Gs^Fms, Gs^Fms, Gs^Fms, Gs^Fms, Gs^Fms, Gs^Fms, Gs^Fms, Gs^Fms, Gs^Fms, Gs^Fms, Gs^Fms, Gs^Fms, Hh, Gs^Fms, Mm, Gs^Fms, Mm, Mm, Mm, Mm, Wog, Wog, Ww, Ww, Wot, Mm, Mm, Mm, Gg^Fms, Mm, Gg^Fms, Mm, Mm, Mm, Mm, Mm, Mm, Mm, Mm, Mm, Mm, Mm, Mm, Mm, Mm, Mm, Hh, Mm, Wwrg, Hh, Wwg, Wwg, Hh, Gs, Hh, Wwg, Mm, Hh, Mm, Hh, Hh, Hh, Hh^Fms, Mm, Hh, Mm, Wwrg, Wo, Wwg, Mm, Mm, Mm, Mm, Gg, Mm, Mm, Mm, Mm, Mm, Mm, Mm, Mm
Gs^Fms, Gs^Fms, Gs^Fms, Gs^Fms, Gs^Fms, Gs^Fms, Gs^Fms, Gs^Fms, Gs^Fms, Gs^Fms, Gs^Fms, Gs^Fms, Gs^Fms, Gs^Fms, Wo, Gs^Fms, Wo, Wo, Wo, Wog, Ww, Ww, Mm, Wot, Mm, Mm, Gg^Fms, Gg, Mm, Mm, Mm, Gg^Ft, Gd, Gd^Fms, Mm, Mm, Mm, Mm, Gs^Fms, Gs^Fms, Rb^Es, Rb^Es, Mm, Mm, Hh, Hh, Mm, Hh, Mm, Wwg, Mm, Mm, Mm, Mm, Mm, Wwg, Wwrg, Mm, Mm, Mm, Hhd^Fms, Mm, Hh, Gg^Fms, Wwg, Wwrg, Wwrg, Wo^Wkf, Hh, Mm, Mm, Hh, Mm, Mm, Hh^Fms, Hh, Mm, Mm, Hh^Fms, Mm, Mm, Hh
Gs^Fms, Gs^Fms, Gs^Fms, Gs^Fms, Gs^Fms, Gs^Fms, Gs^Fms, Gs^Fms, Ww, Gs^Fms, Wo, Gs^Fms, Wo, Wo, Ww, Wo, Ww, Wo, Mm, Ww, Mm, Mm, Gg^Ft, Mm, Mm, Mm, Mm, Mm, Mm, Mm, Mm, Mm, Gd^Fms, Mm, Gg^Fms, Mm, Mm, Gs^Fms, Rb^Fms, Gs, Mm, Mm, Hh, Mm, Hh, Mm, Hhd, Mm, Mm, Wwrg, Wwg, Wwrg, Wwg, Mm, Hh, Mm, Wwg, Hh^Fms, Hh^Dr, Hh, Gg^Fms, Hh, Sm, Wo^Ewl, Wo, Wo, Wo^Wkf, Wwrg, Ds, Gg^Fms, Sm^Ft, Gg, Gg, Gg^Fms, Rb^Ft, Gg^Fms, Gd, Gg, Gg, Hh, Gg, Mm
Gs^Fms, Gs^Fms, Gs^Fms, Gs^Fms, Ww, Gs^Fms, Gs^Fms, Ww, Wo, Wo, Wo, Wo, Gs^Fms, Ww, Mm, Mm, Mm, Mm, Mm, Mm, Gg^Ft, Gg^Ft, Mm, Mm, Mm, Mm, Mm, Mm, Mm, Gg^Fms, Mm, Mm, Mm, Mm, Gg^Fms, Mm, Hh, Rb^Fms, Hh, Hh, Hh, Hh, Hh, Mm, Hh, Mm, Mm, Mm, Hh, Hh, Hh, Hh, Wwg, Hh^Dr, Wwg, Wwrg, Rb, Gg, Gg^Es, Gg, Sm, Rb, Wo, Wo, Wo^Ewf, Wo^Wkf, Dd, Dd, Rb^Ft, Rb^Fms, Gd, Sm^Ft, Gs, Gd^Ft, Gd, Gs, Gd^Ft, Gd^Ft, Sm^Fms, Rb^Fms, Gs^Em, Rb
Gs^Fms, Gs^Fms, Ww, Gs^Fms, Ww^Ewl, Ds, Gs^Fms, Wo, Wo, Ds, Gs^Fms, Gs^Fms, Gs^Fms, Gs^Fms, Gs^Fms, Gs^Fms, Mm, Mm, Mm, Gg^Ft, Mm, Gg^Ft, Mm, Mm, Mm, Mm, Gg^Ft, Mm, Mm, Mm, Mm, Mm, Mm, Mm, Hh, Hh^Fms, Gg^Es, Hh^Fms, Gg^Fms, Hh, Gg^Fms, Hh^Fms, Hh, Hh, Hh^Fms, Hh^Fms, Hh, Mm, Hh, Hh^Fds, Hh^Fds, Hh^Fds, Gg, Wwg, Wwg, Sm^Dr, Sm, Rb, Rb^Es, Sm, Dd, Wwrg, Wo, Wwg, Rb, Rb^Ft, Sm^Ft, Sm, Sm^Ft, Rb^Es, Sm, Rb^Ft, Gd^Es, Gd^Ft, Rb, Sm, Sm^Ft, Sm^Ft, Sm^Ft, Gd, Rb^Ft, Rb
Gs^Fms, Ww, Gs^Fms, Ww, Gg, Gs^Fms, Wo, Wo, Ds, Ds, Gs^Fms, Gg, Gg, Gs^Fms, Gs^Fms, Mm, Gs, Mm, Mm, Mm, Mm, Mm, Mm, Mm, Mm, Mm, Mm, Gs^Fms, Gs^Fms, Mm, Hhd^Fms, Mm, Hh^Fms, Hh, Hh, Gg^Fms, Gs, Gg, Gs, Gg^Es, Gg^Es, Hh^Fms, Hh, Hh, Hh^Fms, Hh^Fms, Mm, Hh, Hh, Hh, Hh, Hh^Es, Gg^Fds, Gs, Rb, Wwg, Rb, Sm, Sm, Rb^Es, Ds, Wo^Wkf, Wo, Wwg^Wkf, Rb, Rb^Es, Sm, Rb, Sm, Rb, Sm^Ft, Gd, Sm, Rb, Rb, Sm^Ft, Sm^Em, Sm^Ft, Sm^Ft, Sm^Ft, Sm^Em, Rb
Gs^Fms, Ww, Gs^Fms, Gg, Gg, Gg, Gs^Fms, Wot, Ds, Gs^Fms, Gs^Fms, Gs^Fms, Gs^Fms, Gs^Fms, Gs^Fms, Gs^Fms, Gs, Mm, Gs, Mm, Mm, Mm, Mm, Mm, Gs^Fms, Mm, Hh, Mm, Rb, Mm, Hh^Fms, Hh, Gs^Dr, Gg^Fms, Gg^Es, Gg^Fms, Re, Hh, Re, Gd^Fms, Re, Gs, Gg^Em, Gg^Es, Hh^Fms, Hh, Hh, Hh^Fds, Gg^Fds, Gg^Es, Re^Fds, Gg, Rb, Gs, Rb, Wo^Wkf, Sm, Sm, Rb, Rb, Rb, Wwg^Ewf, Wo, Wo, Sm, Rb, Sm, Sm^Ft, Rb, Sm, Rb^Ft, Rb, Sm, Sm^Ft, Sm^Ft, Sm^Ft, Sm^Ft, Sm^Ft, Sm^Ft, Sm^Ft, Sm^Ft, Rb
Gs^Fms, Gs^Fms, Gg, Gg, Wwt, Gs^Fms, Wot, Wot, Gs^Fms, Gs^Fms, Gs^Fms, Gs^Fms, Mm, Gs^Fms, Gs^Fms, Mm, Mm, Gs, Mm, Mm, Mm, Mm, Mm, Mm, Gs^Fms, Mm, Hh, Hh, Hh^Fms, Hh, Gg^Fms, Gg^Es, Re^Es, Gs, Gd^Qhu, Gs, Re, Rb, Re^Qhu, Re, Gd, Gs^Fms, Gg^Fms, Hh, Hh, Hh, Gs^Es, Gs^Fds, Gs^Es, Gd, Rb, Gs, Sm, Sm, Wwg^Wkf, Wo^Ewl, Rb, Rb, Rb^Es, Sm, Re, Wwg, Wo, Wo^Wkf, Wo^Wkf, Rb, Rb, Rb^Es, Sm, Re, Sm, Sm^Ft, Rb, Sm^Ft, Sm^Ft, Sm^Ft, Sm^Ft, Sm^Ft, Sm^Em, Sm^Ft, Sm^Ft, Sm^Ft
Gs^Fms, Gs^Fms, Wo, Wo, Wot, Wot, Wot, Wot, Gs^Fms, Hh, Hh, Hh, Gs^Fms, Gs^Fms, Mm, Mm, Mm, Mm, Mm, Mm, Mm, Mm, Mm, Mm, Hh, Hh^Fms, Gg^Em, Gg^Fms, Gg^Es, Gg^Es, Gd, Hh, Re, Re^Qhu, Re, Re, Gs^Fms, Gg^Qhu, Gd^Qhu, Re, Rb, Gg, Hh^Fms, Mm, Hh^Fds, Hh, Gd, Rb, Ss, Rb, Ss, Sm, Sm, Sm^Ft, Sm^Ft, Wwg, Wo^Ewf, Sm, Rb, Rb^Es, Wo, Wo^Wkf, Wwg, Wo, Wo, Wo^Ewf, Wwg^Wkf, Rb^Es, Rb, Rb^Es, Sm, Rb, Sm, Sm^Ft, Sm^Ft, Sm^Ft, Sm^Ft, Sm^Ft, Sm^Ft, Sm^Ft, Sm^Ft, Sm^Ft
Gs^Fms, Wo, Ww, Ww, Gs^Fms, Gs^Fms, Gs^Fms, Gs^Fms, Gs^Fms, Gs^Fms, Gs^Fms, Gs^Fms, Mm, Mm, Mm, Mm, Mm, Mm, Mm, Mm, Mm, Mm, Mm, Mm, Hh^Fms, Gg^Fms, Gd, Hh, Gd, Gs, Gs, Re, Re, Rb, Re, Gd^Fms, Gg^Fms, Hh, Gg, Re, Gg^Es, Hh, Mm, Hh, Gg^Fetd, Gg^Fds, Rb, Rb^Ft, Sm, Sm, Ss, Ss^Em, Sm, Ss, Ss, Ss, Rb, Wwg^Wkf, Wwg^Wkf, Wwg^Ewl, Rb, Sm, Ss, Rb, Wo^Ewl, Wo, Wo, Wo^Wkf, Wo, Ss, Sm, Sm^Ft, Rb^Es, Sm^Ft, Sm^Ft, Sm^Ft, Sm^Ft, Sm^Ft, Sm^Ft, Sm^Ft, Sm^Ft, Sm^Ft
Wwt, Wo, Ww, Gs^Fms, Gs^Fms, Gs^Fms, Hh, Gs^Fms, Hh, Hh, Gs^Fms, Mm, Mm, Mm, Mm, Mm, Mm, Mm, Mm, Hh, Gg^Fms, Hh, Gg, Gg^Es, Gg^Es, Gg, Gd^Qhu, Gd, Gg, Gg, Gg^Qhu, Gd, Re^Fms, Re^Qhu, Re, Gs, Gs, Hh^Fms, Gs, Gs^Fms, Hh^Fms, Hh^Fms, Hh, Hh^Fds, Rb, Hh, Sm, Sm^Ft, Ss, Ss^Em, Sm, Sm^Ft, Sm^Ft, Ss, Sm, Ss, Sm, Sm, Ss, Sm, Rb^Es, Sm, Sm, Ds, Dd, Wwg, Wwg^Wkf, Wo, Wo, Wwg^Wkf, Sm, Sm^Ft, Sm^Es, Sm, Sm^Ft, Sm^Ft, Sm, Rb, Rb, Sm^Ft, Sm^Em, Sm^Ft
Ds, Wo, Ww, Gs^Fms, Gs^Fms, Gg, Hh, Hh, Mm, Mm, Mm, Mm, Mm, Mm, Mm, Mm, Mm, Mm, Mm, Gg^Fms, Gs, Gs, Hh, Gs, Re^Qhu, Rb, Rb^Fms, Gd^Fms, Hh, Hh, Hh, Gs, Gs^Fms, Gg, Hh, Gg^Fms, Hh, Gg^Es, Rb, Hh, Hh, Mm, Hh, Gg, Ss, Sm, Ss, Sm, Ss, Ss, Sm, Sm^Ft, Sm, Sm, Ss^Em, Rb, Ss^Ft, Sm, Ss^Em, Rb, Ss, Sm^Es, Rb, Sm^Fetd, Ss, Ss^Ft, Sm, Wo^Wkf, Wo, Wo, Ds, Sm, Sm, Ss, Sm, Sm, Rb, Ss, Sm^Ft, Sm^Ft, Sm^Ft, Rb
Wwg, Wog, Wwg, Gg^Efm, Gg, Gg, Hh, Mm, Hh, Mm, Mm, Mm, Mm, Mm, Mm, Mm, Mm, Mm, Hh^Fms, Gg^Fms, Gd^Fms, Gd^Es, Hh, Re, Re, Re, Gs^Qhu, Gg, Hh^Fms, Hh^Fms, Hh, Gg^Es, Hh, Hh^Fms, Hh, Hh^Fms, Gg, Gs, Gs, Gg^Es, Hh, Hh, Gg^Fds, Ss, Rb, Sm, Sm, Sm, Sm^Ft, Rb, Ss^Em, Rb, Sm^Ft, Sm^Ft, Sm, Ss, Ss, Rb, Sm, Sm, Ss, Sm, Rb, Ss, Ss^Ft, Sm^Ft, Sm, Wwg^Ewf, Wo, Wwg^Ewl, Dd, Sm, Sm, Ss, Rb, Rb, Rb, Sm^Ft, Sm^Ft, Sm^Ft, Sm^Ft, Sm^Ft
Wwg^Ewf, Wog, Wwg, Gg^Efm, Gg^Fms, Gg^Efm, Hh^Fms, Hh, Mm, Hh, Mm^Fms, Mm, Mm, Mm, Mm, Mm, Mm, Mm, Gg^Es, Gs^Es, Re, Re, Re^Es, Re^Es, Re, Re^Qhu, Re^Qhu, Gg^Fms, Hh^Es, Hh, Hh^Fms, Gg^Es, Gg^Fms, Hh^Fms, Gs, Gg^Es, Gd, Gd^Qhu, Gg^Fms, Hh, Hh^Fms, Hh, Hh^Fds, Hh, Hh^Fds, Rb^Es, Sm^Ft, Sm, Ss, Sm^Ft, Ss, Sm, Sm^Ft, Sm, Ss, Ss^Ft, Ss, Sm, Ss, Ss^Ft, Ss, Ss^Ft, Ss, Rb, Rb, Ss, Wo, Wo, Wo, Wwg^Wkf, Ss, Ss, Ss, Sm^Ft, Rb, Rb^Ft, Sm^Ft, Sm^Ft, Sm^Ft, Sm^Em, Sm^Ft, Sm^Ft
Gg, Wog, Wog, Gg, Hh, Gg^Fms, Gg^Efm, Hh^Fms, Mm, Mm, Mm, Mm, Mm, Mm, Mm, Mm, Mm, Mm, Hh^Fms, Gd, Re, Re, Re, Rb^Qhu, Rb, Re^Qhu, Re, Gs^Es, Gg^Fms, Hh, Mm, Hh, Hh, Hh, Gs^Qhu, Re^Qhu, Re, Rb, Gg, Hh^Fms, Hh, Hh, Hh, Hh, Hh, Ss, Sm, Sm, Sm, Sm, Sm, Sm^Es, Sm^Es, Sm, Ss^Em, Sm, Ss, Ss^Ft, Sm, Sm^Ft, Ss, Sm, Wwg^Wkf, Wwg, Wo, Wo^Bw\, Wwg^Bw\, Wo^Ewl, Wwg^Wkf, Ss^Ft, Ss^Ft, Ss, Ss, Sm, Re, Rb^Es, Rb^Es, Sm^Ft, Sm^Ft, Sm^Ft, Sm^Ft, Sm^Ft
Gg^Efm, Wwg, Wog, Wwg^Ewl, Ds, Gg^Fms, Hh, Hh^Fms, Hh^Fms, Mm, Hh, Mm^Es, Hh, Hh, Mm, Mm, Mm, Mm, Mm, Gg^Fms, Gs^Fms, Re, Re, Rb, Re^Qhu, Re, Re, Re, Gs^Fms, Gg^Fms, Hh, Hh, Hh, Gg^Es, Re, Re^Qhu, Re^Qhu, Gs, Hh, Gg^Es, Hh, Gg^Es, Gg^Fds, Hh^Fds, Ss, Rb, Sm, Sm^Ft, Ss, Sm, Ss^Em, Ss, Sm^Em, Sm, Ss^Ft, Ss^Ft, Sm, Ss, Sm, Sm, Wo^Ewl, Wo^Wkf, Wo, Wo, Wo^Wkf, Wwg, Ss, Rb, Rb, Ss, Sm, Sm, Ce, Ss, Ce, Re, Re^Dr, Rb, Sm^Ft, Sm^Ft, Rd^Ft, Re^Ft
Gs^Fms, Wwg, Wog, Wwg, Ds, Gg^Fms, Gg^Fms, Mm, Hh^Fms, Hh, Mm, Hh, Gs^Ft, Hh, Ss, Mm, Mm, Mm, Mm, Hh, Gs^Fms, Re^Fms, Re, Re^Qhu, Rb^Qhu, Re^Qhu, Re, Hh, Gs, Hh^Fms, Mm, Hh^Fetd, Gg^Fms, Gg^Fms, Gd, Rb^Qhu, Rb, Gs, Gg, Hh^Fms, Hh^Fms, Hh, Hh, Hh^Fds, Hh^Fds, Ss, Ss, Ss, Sm, Ss^Em, Sm, Ss^Em, Ss, Ss, Ss, Ss^Em, Sm, Ss^Ft, Ss, Wwg^Ewl, Wo, Wo, Wwg, Wo^Ewf, Dd, Ds, Sm, Ss, Ss, Rb, Rb, Ket, Rd, Ce, Rd^Dr, Ce, Ce, Rb, Rb, Re^Gvs, Rd, Re
Gg^Fds, Gg^Fds, Wwf, Wog, Wwg^Ewf, Ds, Hh^Fms, Hh, Hh^Fms, Hh, Hh^Es, Hh, Gs^Ft, Gs^Ft, Sm, Sm, Mm, Mm, Mm, Hh, Gg^Es, Gd, Gs, Re, Re, Re^Fms, Gd^Fms, Gd, Gg^Es, Hh^Es, Hh, Hh^Fms, Gs^Es, Gs^Es, Hh, Rb, Re^Qhu, Re^Fms, Gs, Hh^Fms, Hh, Mm, Hh^Fds, Hh, Hh, Gs, Rb, Ss, Ss, Sm, Ss^Ft, Ss, Ss^Ft, Ss^Ft, Ss^Ft, Ss, Ss^Ft, Ss^Ft, Wwg, Wo, Wo, Wwg, Ss^Ft, Ss^Em, Ss, Ss^Ft, Ss, Ss, Ce, Ket, Rd^Es, Rb, Rd, Rd, Rd, Rd, Rd, Ket, Rb^Eb, Rb^Gvs, Re, Rb^Ft
Gg^Fds, Gg^Fds, Wog, Wog, Wwg, Ds, Hh^Fms, Hh^Fms, Gg^Fms, Gg, Wwg^Ewl, Gg, Gs^Ft, Gs^Ft, Gs^Ft, Ss, Mm, Mm, Mm, Mm, Mm, Gs^Es, Re^Fms, Re, Gd^Qhu, Re^Es, Gg^Fms, Gs^Fms, Hh, Mm, Mm, Hh, Hh^Fms, Gs^Fms, Gd, Re, Re^Qhu, Re, Gg^Fms, Gg^Es, Gg^Es, Hh, Hh^Es, Hh^Fds, Gg, Gd, Rb, Ss^Em, Ss, Ss^Ft, Sm, Ss, Ss, Ss, Ss^Ft, Ss, Ds, Dd, Wo^Wkf, Wo, Wo^Ewl, Ss, Sm^Ft, Ss, Ss, Ss, Ss, Ce, Rd^Dr, Rd, Rd^Es, Rp, Rp, Rb, Rb, Rb^Es, Rb, Rb, Rb^Eb, Re, Re^Fdw, Rb^Fdw
Wog, Wog, Wwg, Wog, Gg, Ds^Esd, Hh^Fms, Hh^Fms, Wwg^Wkf, Ss, Sm^Wkf, Ss, Ss^Ft, Gll^Ftr, Sm, Gs^Ft, Gs^Ft, Mm, Mm, Mm, Mm, Gg^Fms, Gg, Gs, Gs, Gg^Es, Hh^Fms, Gg^Es, Mm, Hh, Hh, Hh, Hh, Gg^Fms, Re, Re, Gs^Fms, Gd, Hh^Fms, Hh^Fms, Hh, Hh, Hh^Fds, Hh, Gs^Fds, Rb, Rb, Rb, Ss^Ft, Ss, Ss^Ft, Ss, Ss^Ft, Sm, Ss^Ft, Ss, Dd, Wwg^Wkf, Wo, Wo, Wwg^Wkf, Ss, Sm, Ss^Ft, Ss, Ss^Ft, Ce, Ce, Rd^Es, Rd, Rp, Rp, Rd, Rd, Rd, Rd, Rd, Ket, Rb, Rb, Rb, Rb
Wog, Wwg, Wwg^Wkf, Gg, Ss, Hh^Fms, Wwg^Ewl, Ss, Ss^Ewl, Ss, Ss^Fds, Gg, Gs^Ft, Gs^Ft, Ss, Ss, Sm, Gs^Ft, Ss, Mm, Mm, Mm, Gg^Fms, Gs^Fms, Gg^Es, Hh^Es, Mm, Mm, Mm, Mm, Hh, Hh^Fms, Gg^Es, Gd, Re, Gg^Es, Gg^Fms, Gg^Es, Hh^Es, Hh, Hh, Gg, Gg, Gg^Fds, Re, Gd, Rb, Rb, Ss, Ss^Em, Ss, Ss, Sm, Sm, Sm, Sm, Wo, Wo, Wo, Wo^Ewf, Sm^Ft, Ss^Ft, Sm, Ss, Ss, Ce, Rd, Rd, Rb, Rd, Rb, Rd^Efs, Rd, Rd^Es, Rd, Rd, Ce, Ce, Rb, Rb^Es, Rb^Qhu, Rb^Qhu
Wwg, Wwg^Ewl, Ss, Wwg^Ewl, Ss, Wwg^Wkf, Sm^Wkf, Wwg^Wkf, Wwg^Wkf, Sm^Wkf, Sm^Wkf, Gs^Fds, Sm, Gs^Ft, Gs^Ft, Gs^Ft, Gs^Ft, Sm, Gs^Ft, Mm, Mm, Mm, Gg^Fms, Gs^Es, Hh^Fms, Hh, Hh, Hh, Hh^Fms, Mm, Hh, Hh^Fms, Gg^Fms, Gd, Gg^Fms, Hh, Hh, Hh^Fms, Gg^Es, Hh, Hh^Fds, Gg, Gg^Fds, Gs, Re, Re, Ss, Ss, Sm, Ss, Ss^Ft, Ss^Ft, Ss, Ss^Ft, Wo^Ewl, Wo, Wwg^Wkf, Wo, Ss, Sm, Ss^Ft, Ss, Ss^Ft, Ss^Em, Ss, Ce, Rb, Rb, Rd, Rb, Rd, Rd^Es, Rd, Rd, Ce, Ce, Rb^Es, Re, Re, Re^Es, Re^Es, Rb
Wwg, Ss, Sm^Wkf, Ss, Ss, Gg^Fds, Ss, Ss, Ss, Ww^Ewf, Wwg^Wkf, Ss, Sm, Gs^Ft, Gs^Ft, Gs^Ft, Gs^Ft, Sm, Ss, Gs^Ft, Hh, Hh, Hh^Fms, Gg, Mm, Mm, Hh, Gg, Gg^Fms, Hh^Fms, Hh, Hh, Hh, Re, Gg, Hh^Fms, Gg, Gg, Gg, Hh^Fds, Hh, Hh^Fds, Gg, Gd, Re, Re, Ss, Ss, Ss^Ft, Ss, Sm^Ft, Sm^Ft, Wwg^Wkf, Wwg, Wo, Wo, Wwg^Ewl, Wo^Wkf, Sm^Ft, Ss, Sm^Fetd, Ss, Ss, Ss, Ss, Ket, Rb, Ket, Ce, Rd, Rd^Dr, Rd, Ce, Ce, Re, Rb^Es, Rb, Re, Hhd^Fdw, Hhd^Es, Re^Qhu, Re
Ds, Ss, Wwg^Wkf, Ss, Sm^Wkf, Ss, Ss^Ewl, Wwg^Ewl, Wwg^Ewl, Ss^Fds, Ss, Gs^Fds, Gs^Fds, Gs^Ft, Ss, Gll^Ftr, Gs^Ft, Gs^Ft, Ss, Gs^Ft, Hh, Hh, Hh, Mm, Hh, Hh^Fms, Gg, Gs, Re, Gg^Fms, Hh, Mm, Hh, Gd, Gd^Qhu, Gs, Re, Gs^Fds, Gs, Hh^Fds, Hh, Hh, Hh, Gs, Re^Fds, Rb, Rb^Fds, Ss, Sm^Fetd, Ss^Ft, Ss, Ss^Ft, Wo^Wkf, Wo, Wo^Wkf, Wwg^Ewf, Dd, Ss^Ft, Ss^Ft, Sm, Ss^Ft, Ss^Em, Ss, Ss, Ss^Em, Rb, Rb^Gvs, Rb, Re, Ce, Ce, Ce, Rb^Dr, Re, Rb, Rb^Fdw, Rb^Gvs, Re^Fdw, Re^Qhu, Re^Qhu, Hhd, Re
Gg, Gg, Gg^Efm, Ss, Wwg^Ewf, Wwg^Wkf, Ss, Sm^Wkf, Ss^Ewl, Ss, Ss^Fds, Ss^Ewl, Gs^Ft, Gs^Ft, Ss, Gs^Ft, Gs^Ft, Ss, Sm, Gs^Ft, Sm, Hh, Hh, Mm, Hh^Fms, Gg, Re^Fms, Re, Hh, Gg^Es, Hh, Hh, Hh^Fms, Hh, Gs^Qhu, Re^Qhu, Re, Re, Hh, Gg, Hh^Fds, Hh^Fds, Hh, Gg, Gd, Re, Ss, Ss, Ss, Ss^Ft, Sm, Ss, Wwg^Ewl, Wwg, Wo^Wkf, Dd, Sm, Ss, Sm, Ss, Ss^Ft, Sm^Ft, Ss, Wwg^Ewl, Wwg, Wwg^Ewf, Ss, Rb, Rb, Rb^Es, Rb, Rb, Rb, Rb, Re, Re^Gvs, Re, Re^Es, Re, Rd^Qhu, Rd^Qhu, Re^Qhu
Hh, Gg, Gg, Gg, Gg, Sm^Wkf, Ss^Wkf, Ss^Fds, Ss, Ss, Sm^Wkf, Sm^Wkf, Sm^Wkf, Gs^Ft, Gll^Ftr, Gll^Ftr, Gs^Ft, Gs^Ft, Hh^Ft, Hh^Ft, Hh, Ss, Ss, Mm, Gg^Fms, Gg, Wwg^Ewf, Re, Re, Gg, Gg^Fms, Hh^Fms, Hh, Gg, Gg, Gd^Fms, Gs^Qhu, Re, Re, Gg, Gg^Fds, Hh, Gg^Es, Gs, Re, Re, Rb, Rb^Fds, Ss, Ss, Ss^Ft, Sm, Wwg^Wkf, Wo, Wo^Ewl, Ds, Ss^Ft, Ss, Ss^Ft, Ss, Ss, Ss^Ft, Ss, Wwg, Wwg^Ewf, Wwg, Wwg, Ss, Rb, Rb^Es, Rb^Fdw, Rb, Rb, Re^Gvs, Re, Re^Qhu, Re, Re^Qhu, Re^Qhu, Re^Qhu, Re^Qhu, Re^Qhu
Hh^Fds, Gg^Fds, Gg, Gg^Fds, Ss^Ewl, Ss^Fds, Ss, Ss^Fds, Mm, Ss, Ss, Ss^Ft, Ss, Gs^Ft, Gs^Ft, Gs^Ft, Ss, Ss, Hh, Hh^Ft, Hh^Ft, Gs^Ft, Hh, Hh, Mm, Wwg^Wkf, Wo, Wwg^Wkf, Rb, Gs, Gs^Es, Hh^Fms, Hh, Hh^Fms, Hh^Fms, Gg^Es, Gs, Re, Re, Gs, Gd^Es, Gs, Gd, Hh, Rb, Rb^Fds, Rb^Fds, Rb, Rb^Ft, Ss^Ft, Sm, Wwg^Wkf, Ss, Wwg, Wo, Sm^Ft, Ss, Sm, Ss^Ft, Sm^Ft, Sm^Ft, Ss, Ss, Ss, Wwg, Wwg, Wwg, Rb^Gvs, Rb^Gvs, Rb^Fdw, Rb^Fdw, Rb^Fdw, Rb, Re^Gvs, Re^Fdw, Hhd, Hhd, Rd^Qhu, Re^Es, Rd^Qhu, Rd^Qhu, Re
Gg^Fds, Hh, Gg^Fds, Gg^Efm, Gg, Ss, Gs^Fds, Mm, Mm, Mm, Ss, Ss^Ewl, Gs^Ft, Gs^Ft, Gs^Ft, Gs^Ft, Gs^Ft, Ss, Ss, Hh^Ft, Ss, Ss, Hh, Mm, Hh, Gg^Fms, Re^Fms, Wwg^Ewl, Re, Rb^Qhu, Re, Gg^Fms, Gg^Qhu, Hh, Hh, Gg^Fms, Re^Fms, Re^Qhu, Re^Qhu, Re, Rb, Gs, Ss, Rb, Rb^Ft, Rb^Fds, Ss, Rb^Fds, Hh, Ss^Ft, Ss, Wwg^Wkf, Wo, Ss, Wo, Wwg^Wkf, Sm, Ss^Ft, Sm^Ft, Sm^Em, Ss, Ss, Ss^Em, Sm, Ss, Wwg^Ewl, Wwg, Wwg^Ewl, Wwg, Rb, Rb, Rb, Re, Re, Re^Fdw, Re^Qhu, Re^Es, Re^Qhu, Rd^Qhu, Rd^Qhu, Rd^Qhu, Re^Qhu
Gg, Gg^Fds, Hh, Hh^Fds, Hh, Gg^Es, Gs^Fds, Mm, Mm, Mm, Ss, Gg^Ft, Gg^Ft, Gll^Ftr, Gs^Ft, Ss, Gs^Ft, Ss, Gs^Ft, Gs^Ft, Ss, Ss, Ss, Hh, Mm, Gg^Fms, Gg, Re^Fms, Gs^Fms, Re, Re, Re^Qhu, Gs^Qhu, Hh^Es, Gg, Gd, Gd, Re^Qhu, Re, Rb, Rb^Fds, Rb^Fds, Wwg^Ewf, Ss, Wwg^Wkf, Wwg^Wkf, Wwg^Ewl, Hh^Ft, Wwg^Wkf, Wwg^Wkf, Wwg, Wwg^Ewf, Wo, Wo^Ewl, Wo, Wo^Wkf, Wo, Ss, Ss^Ft, Sm, Ss, Sm^Em, Sm, Ss, Ss, Rb, Rb, Rb^Gvs, Rb^Gvs, Rb, Rb^Gvs, Re^Gvs, Hhd, Re^Qhu, Re, Re^Qhu, Re^Qhu, Re^Qhu, Rd^Qhu, Rd^Qhu, Re, Rd^Qhu
Gg^Fds, Gg, Hh^Fds, Hh^Fds, Hh, Hh, Hh, Mm, Mm, Mm, Mm, Gg^Ft, Gg^Ft, Gs^Ft, Ss, Gs^Ft, Gs^Ft, Gs^Ft, Ss, Gs^Ft, Hh, Hh, Hh^Fms, Mm, Hh, Hh, Mm, Gg, Hh, Gg, Gg^Fms, Re, Re, Gg^Es, Hh, Hh, Hh, Gd, Re, Rb, Rb^Fds, Wwg^Wkf, Wo^Ewl, Ss, Wo, Wo, Wo, Wwg, Wo^Wkf, Wo^Ewl, Wo, Wo, Ss^Ft, Wo, Wwg^Wkf, Wo, Wo, Wwg, Ss, Sm, Ss^Ft, Sm^Ft, Ss, Ss^Ft, Sm, Rb^Ft, Rb, Gll^Edp, Rb, Rb, Rb, Re^Fdw, Hhd^Fdw, Hhd, Re, Re^Qhu, Re, Rd^Qhu, Re, Rd^Qhu, Rd^Qhu, Re
Gg^Fds, Gg, Gg, Hh, Hh, Hh, Hh, Mm, Mm, Mm, Mm, Mm, Mm, Mm, Mm, Gs^Ft, Ss, Ss, Hh, Hh^Fetd, Hh, Hh^Fms, Hh, Hh^Fms, Hh^Fms, Hh^Fms, Mm, Hh, Hh^Fms, Hh^Fms, Gg, Gs^Es, Re, Rb, Hh^Fms, Hh, Hh^Fms, Gd, Re, Gd, Ss, Wwg, Wwg^Wkf, Wo, Wo, Wo, Wo, Wo, Wo, Wo, Wo^Ewl, Wo^Wkf, Sm^Ft, Dd, Ds, Wwg, Wo, Wwg^Wkf, Sm, Ss, Sm, Ss, Sm^Ft, Ss, Sm, Ss, Ss, Rb^Edp, Rb^Ft, Gll^Edp, Rb, Re, Re^Qhu, Re^Qhu, Re^Es, Rd, Hhd, Re^Qhu, Re, Rd^Qhu, Hhd, Rb^Edp
Gg^Fds, Gg^Efm, Gg^Fds, Gg^Fds, Gg, Hh, Hh, Hh, Hh, Mm, Mm, Mm, Mm, Mm, Mm, Gll^Ftr, Hh, Gs^Ft, Hh^Fms, Hh^Fms, Hh^Fms, Hh, Hh, Hh, Hh^Fms, Hh^Fms, Gg, Hh, Hh, Hh, Hh, Gs^Qhu, Re^Fms, Re, Gs^Es, Hh^Fms, Re, Re^Fms, Hh, Hh^Fds, Wwg^Ewl, Ss, Wo, Wo, Wo^Ewf, Wo, Wo, Wo, Wo^Wkf, Wo, Wo^Wkf, Ss, Ss^Ft, Ss, Dd, Wo^Wkf, Wo, Wo^Wkf, Wwg^Ewf, Ss, Wwg^Wkf, Ss^Ft, Sm, Ss, Sm, Sm, Sm, Ss^Ft, Ss, Gll, Rb^Edp, Rb^Edp, Rb, Re^Qhu, Re, Re^Es, Re^Qhu, Re, Re^Fdw, Hhd, Re, Rb
Gg, Gg, Gg^Fds, Gg^Fds, Gg^Fds, Gg^Fds, Gg^Fds, Hh, Hh, Hh, Hh, Mm, Mm, Mm, Mm, Gll^Ftr, Hh, Gs^Ft, Hh, Hh, Gg, Gg, Gg, Hh, Gg^Fms, Gg^Fms, Gg, Gg, Hh, Mm, Hh, Gg, Gg, Hh, Re, Re^Fms, Gd, Re, Hh^Fds, Ss, Wwg^Wkf, Wo, Wo, Wo^Wkf, Wo^Wkf, Wo, Wo, Wo^Wkf, Wo^Wkf, Wo, Wo, Wwg^Wkf, Sm^Feth, Ss, Sm, Wwg, Ss, Wo, Wo, Wwg^Wkf, Ss, Sm, Sm^Ft, Sm, Ss^Ft, Ss^Ft, Ss, Sm, Ss, Rb, Gll^Edp, Rb, Rb, Re, Re^Fdw, Re, Re, Gll, Re^Fdw, Re^Fdw, Re, Re
Gg^Fds, Gg, Gg^Fds, Gg^Fds, Gg^Fds, Gg^Fds, Gg^Fds, Gg^Fds, Gg^Fds, Hh, Hh, Hh, Hh, Mm, Mm, Mm, Mm, Mm, Mm, Gs^Ft, Gs^Ft, Gs^Fms, Gs, Gs, Re, Gs, Hh, Hh^Fms, Hh, Hh, Hh^Fms, Hh^Fms, Hh, Gg, Gs^Es, Gs, Gs, Gd, Gs, Ss, Ss^Ft, Wwg^Wkf, Ss, Wo, Wwg, Wo, Wo, Wo^Ewl, Wo, Wo, Wwg^Ewl, Wwg^Wkf, Ss, Ss^Ft, Ss, Wwrg, Wo, Wo, Wwg, Wo, Wo, Wwg, Wwg, Ss, Ss, Sm^Ft, Dd, Ss, Sm^Ft, Rb, Gll, Gll^Edp, Rb, Rb^Fdw, Rb^Es, Re^Fdw, Re, Hhd, Re, Rd, Hhd^Fdw, Gll
Gg^Fds, Gg^Fds, Gg^Efm, Gg^Fds, Gg^Fds, Gg^Fds, Gg^Fds, Gg^Fds, Gg^Fds, Gg, Gg^Fds, Hh, Hh, Hh, Hh, Mm, Mm, Mm, Mm, Hh, Gs^Fds, Gg^Fms, Re, Rb, Re^Fms, Gg, Hh, Hh, Hh^Fms, Gg^Fms, Hh, Mm, Hh, Gg^Fms, Hh^Fms, Gg, Gs^Es, Gd^Fms, Gg^Fms, Rb, Gg^Ft, Ss, Wwg^Ewf, Wo^Ewl, Wwg, Wo^Wkf, Wwg^Wkf, Wwg, Wwg^Ewl, Ss, Ss^Ft, Ss, Sm^Ft, Ss, Sm, Ss, Wo^Wkf, Dd, Dd, Wwg^Ewl, Wo, Wo, Wo, Wo^Ewl, Wo^Ewf, Wwg^Wkf, Wwg^Wkf, Ds, Ss, Rb, Rb^Edp, Rb^Edp, Rb^Edp, Rb^Es, Rb, Hhd^Fdw, Rb, Gll, Hhd, Gll^Edp, Gll^Edp, Hhd
Gg^Efm, Gg^Efm, Gg^Fds, Gg^Fds, Gg^Fds, Gg^Fds, Gg, Gg^Fds, Gg, Gg^Fds, Gg^Fds, Gg^Fds, Gg, Hh, Hh, Mm, Gs^Ft, Mm, Mm, Mm, Gs^Fds, Gg, Gg, Rb^Qhu, Re^Qhu, Gs^Fms, Gg, Hh, Gg^Fms, Gs^Fms, Gg^Ft, Hh, Hh^Fms, Hh, Hh, Hh, Gg, Gg^Fms, Hh, Gg, Hh, Rb, Rb^Fds, Wwg^Wkf, Ss, Wwg^Ewf, Wwg^Wkf, Wwg, Ss^Em, Ss, Rb^Ft, Ss, Ss, Sm^Ft, Wwg^Ewl, Wwg^Wkf, Ss, Ds, Hh, Sm, Ss, Wo^Wkf, Wwg^Wkf, Wwg, Wo, Wwg, Wo^Wkf, Dd, Ss, Sm, Ss, Rb, Ss, Ss, Rb^Edp, Rb, Gll, Re^Fdw, Hhd, Hhd, Hhd^Fdw, Hhd
Gg^Efm, Gg^Efm, Gg^Fds, Gg^Fds, Gg^Fds, Gg^Fds, Gg^Fds, Gg, Gg, Gg^Fds, Gg^Fds, Gg^Fds, Gg^Fds, Gg, Hh, Hh, Hh, Mm, Mm, Mm, Mm, Hh, Gg, Gs^Qhu, Re, Rb, Re^Qhu, Gg, Gs, Gs, Gs, Gg^Fms, Gg, Gg, Hh^Fms, Hh^Fms, Hh, Hh, Hh, Hh, Hh, Gg, Gg^Fms, Rb, Rb, Rb^Fds, Rb^Fds, Rb^Fds, Hh, Rb, Ss, Sm, Ss, Ss, Sm^Ft, Wo, Wwg^Wkf, Sm, Ss, Ss, Sm, Sm, Ss, Wwg, Ss^Ewl, Wo, Wo, Wo, Wwg^Wkf, Sm^Ft, Ss, Ss^Ft, Ss, Rb, Hhd^Es, Gll^Es, Hhd, Hhd^Fdw, Hhd, Md, Hhd, Hhd
Wog, Gg^Efm, Gg^Efm, Gg^Fds, Gg^Efm, Gg^Efm, Gg^Fds, Gg^Fds, Gg^Fds, Hh, Gg^Fds, Gg^Fds, Gg^Fds, Gg, Ss, Gs^Fds, Ss, Hh, Mm, Mm, Mm, Hh, Hh^Fms, Gs^Fms, Rb, Re, Gs, Re, Re^Ft, Rb, Gs^Qhu, Re, Gs^Ft, Gs, Gg, Gg, Hh^Fms, Gg, Hh, Hh^Fms, Hh, Gg^Fms, Hh^Fms, Hh, Gg, Rb, Hh, Gg, Rb, Rb, Rb, Rb, Rb, Sm^Ft, Sm, Ss^Ewf, Wo^Ewf, Ss, Sm, Hh, Hh, Ss, Hh, Sm, Ss, Wo^Ewl, Wwrg, Wo, Wo^Ewf, Ss, Sm, Sm, Ss, Gll, Hhd, Hhd^Es, Hhd, Gll^Edp, Hhd, Hhd, Hhd, Md
Wog, Wwg, Ds, Gg^Efm, Gg^Efm, Gg^Fds, Gg^Fds, Gg^Fds, Gg^Fds, Gg^Fds, Gg, Gg^Fds, Gg^Fds, Gg^Fds, Gg^Fds, Gs^Fds, Gs^Fds, Hh, Hh, Mm, Mm, Mm, Hh^Fms, Gg, Gs^Fms, Re^Qhu, Re^Qhu, Re, Rb, Re^Qhu, Rb, Rb, Gs, Gs^Ft, Ss, Hh^Fms, Hh, Hh^Fms, Gg, Gg^Fms, Hh, Hh, Gg, Hh, Hh^Fds, Gg^Fds, Hh^Fds, Gg, Gg, Ss, Rb, Sm^Ft, Rb, Ss, Ss^Wkf, Wwg^Wkf, Wo, Ss, Ss, Hh, Mm, Mm, Hh, Sm, Ss, Ss, Wo, Wo, Wwg^Wkf, Sm^Ft, Ss^Ft, Ss, Ss, Gll, Hhd, Hhd^Fdw, Hhd^Fdw, Hhd^Edp, Md, Md, Md, Rb
Wwg, Wog, Wog, Dd, Dd, Gg^Fds, Gg^Fds, Gg^Fds, Gg, Gg, Gg^Fds, Gg^Fds, Gg, Gs^Fms, Gg^Fds, Gg^Fds, Gg^Fds, Ss, Mm, Mm, Mm, Mm, Hh^Fms, Gg^Fms, Gg, Gs^Ft, Re^Ft, Rb^Es, Gs^Ft, Re^Es, Sm^Ft, Rb, Ss^Ft, Ss, Rb^Ft, Hh, Hh, Hh, Rb^Ft, Hh, Hh, Hh, Hh, Hh, Hh, Gg^Fds, Rb, Rb, Hh, Gg, Ss, Ss, Rb^Ft, Sm, Ss^Ft, Wwg^Wkf, Wwg^Ewf, Wwg, Wwg, Ss, Hh, Mm, Sm, Ss, Dd, Sm, Wo, Wo, Wwrg, Ss, Sm, Sm, Rb, Rb^Edp, Gll, Gll^Fdw, Hhd, Hhd, Md, Md, Md, Md
Hh^Fds, Wwg, Wog, Wog, Wog, Gg^Efm, Wwg, Gg, Gg^Fds, Sm^Wkf, Sm, Gg^Fds, Gg^Fds, Gg^Fds, Gg^Fds, Gg^Fds, Gs^Ft, Gs^Fds, Mm, Mm, Mm, Mm, Hh, Hh, Re^Ft, Rb, Sm, Rb^Ft, Ss^Ft, Rb, Ss, Sm^Ft, Sm, Ss^Ft, Wwg^Wkf, Rb, Ss, Rb, Ss^Ft, Gg, Gg, Rb^Ft, Rb^Ft, Gg, Hh, Gg, Hh, Rb, Gg, Hh, Rb^Fetd, Rb, Rb, Ss, Ss, Sm, Wwg^Wkf, Sm, Wwg^Ewl, Wwg^Wkf, Hh, Hh, Hh, Ds, Wwg, Wo, Wo^Ewf, Wo^Wkf, Ss, Ss^Ft, Ss, Ss, Rb^Ft, Hhd, Rb^Edp, Gll^Es, Hhd, Hhd^Fdw, Hhd^Fdw, Hhd, Hhd, Hhd
Gs^Fms, Dd, Wwg, Wog, Wog, Wwg, Wwg, Wwg, Wwg, Wwg, Wwg, Gg^Fds, Gg^Fds, Gg^Fds, Gg^Fds, Gs^Fds, Gs^Ft, Hh, Mm, Mm, Mm, Hh, Hh^Ft, Gg, Rb, Sm^Ft, Sm, Rb^Ft, Ss, Sm, Sm, Sm, Ss^Ft, Wwg^Wkf, Wwg, Wwg, Wwg, Rb, Sm, Ss, Rb^Ft, Rb, Hh, Ss^Ft, Gg, Ss, Sm^Ft, Gg, Rb^Ft, Hh, Rb^Ft, Hh, Ss, Ss, Rb, Ss^Ft, Sm, Ss, Sm, Wwg^Wkf, Hh, Sm, Ss, Dd, Wo^Wkf, Wo, Wwg^Wkf, Ss, Sm, Sm, Sm^Ft, Ss, Rb^Edp, Rb, Gll, Hhd, Gll^Es, Hhd, Hhd^Fdw, Md, Hhd, Md
Gg, Dd, Ds, Wog, Wog, Wog, Wog, Wwg^Ewf, Wwg, Wwg, Wwg, Gg^Fds, Gs^Fds, Gs^Fds, Ss, Gg^Fds, Gs^Ft, Hh, Hh, Mm, Gll^Ftr, Hh^Ft, Hh^Ft, Hh^Ft, Rb^Ft, Rb, Ss, Sm, Sm, Ss^Ft, Sm^Ft, Sm, Ss^Ft, Wwg, Wwg, Wwg^Wkf, Rb^Ft, Ss^Ft, Sm, Rb, Ss, Ss, Ss^Ft, Rb^Ft, Rb^Fetd, Hh, Ss, Rb^Ft, Hh^Ft, Rb^Ft, Hh, Rb, Hh, Sm^Ft, Rb, Rb, Ss, Ss^Ft, Ss, Wwg, Hh, Ss, Wo^Wkf, Wo, Wo, Wo, Ss, Ss, Ss, Sm, Sm^Ft, Ss^Ft, Ss, Rb^Edp, Rb, Gll, Hhd, Hhd, Hhd, Hhd, Rb^Fdw, Hhd
Gg^Fds, Gg, Gg, Wwg, Wog, Wog, Wog, Wwg, Dd, Dd, Gg^Fds, Gg^Fds, Gs^Fds, Gs^Fms, Gg^Fds, Gg^Fds, Gs^Fds, Ss, Gs^Ft, Hh, Hh, Hh, Hh^Ft, Sm, Ss, Sm, Ss, Ss, Ss, Ss^Fetd, Ss, Ss, Sm^Ft, Sm, Sm, Sm, Ss, Rb, Ss, Ss^Ft, Ss^Em, Rb^Ft, Sm, Ss, Rb^Ft, Sm^Ft, Ss, Gs^Ft, Hh, Hh^Ft, Ss^Ft, Hh^Ft, Ss, Rb^Ft, Rb, Hh^Ft, Rb, Ss, Hh, Hh^Ft, Ss, Wwg^Wkf, Wo^Ewl, Wo, Wwg, Ss, Sm, Ss^Ft, Sm^Ft, Ss, Ss^Fetd, Ss, Sm^Em, Ss^Ft, Rb, Hhd, Hhd, Hhd, Gll^Es, Hhd^Fdw, Hhd, Hhd
Ds^Efm, Gg^Efm, Wwg, Wwg, Wog, Wog, Wwg, Gg^Fds, Gg, Gg^Fds, Gg^Fds, Gg^Fds, Gg^Fds, Gs^Fds, Gs^Fds, Gg^Fds, Gs^Fds, Ss, Ss, Gll^Ftr, Ss^Ft, Ss, Ss, Ss, Sm, Sm, Ss^Ft, Sm^Ft, Ss, Sm, Ss^Ft, Ss, Sm^Feth, Sm, Ss^Ft, Sm, Dd, Ss^Ft, Sm^Ft, Ss, Ss, Ss, Sm, Ss, Ss^Em, Ss, Sm^Ft, Ss, Sm^Ft, Ss^Ft, Ss, Hh^Ft, Ss, Hh^Ft, Rb^Ft, Rb^Feth, Rb^Ft, Hh^Ft, Mm, Hh^Ft, Ss^Ft, Ss, Wo, Wo, Wwg^Wkf, Ss^Ft, Ss, Sm^Em, Ss^Ft, Ss, Sm, Ss, Ss, Ss, Rb^Em, Rb, Rb^Edp, Hhd, Gll^Edp, Gll, Rb^Fdw, Rb
Wog, Wwg, Wog, Wog, Wog, Wog, Ds, Gg, Gg^Fds, Gg^Efm, Gg^Fds, Gg^Fds, Gg^Fds, Gs^Fds, Gs^Fds, Gs^Fds, Gg^Fds, Gs^Ft, Ss, Ss, Ss, Ss, Ss, Hh, Ss, Ss^Ft, Sm^Ft, Sm, Ss, Ss^Ft, Wwg^Wkf, Ss^Ft, Ss, Ss, Ss^Ft, Ss^Ft, Dd, Ds, Wwg, Wo^Ewf, Wo^Wkf, Ss, Wwg^Wkf, Ss, Sm, Ss, Ss^Ft, Ss, Ss, Hh, Ss^Ft, Hh, Hh, Hh^Ft, Hh, Hh, Hh, Ss, Hh, Hh, Ss, Wwg^Wkf, Wo, Wo^Wkf, Sm, Ss, Sm^Ft, Sm, Sm^Em, Ss, Ss^Ft, Ss^Ft, Sm, Ss, Ss, Rb^Ft, Rb, Rb, Rb, Hhd, Gll, Rb
Wog, Wog, Wog, Wog, Wwg, Dd, Gg^Efm, Gg, Gg^Efm, Gg^Fds, Gg^Fds, Gg^Fds, Gg, Gs^Fds, Gg^Fds, Gg^Fds, Gg^Fds, Ss, Gll^Ftr, Gll^Ftr, Ss^Ft, Ss, Ss^Fetd, Ss^Ft, Ss, Ss, Ss, Ss, Wwg^Ewf, Wwg, Sm, Wo^Wkf, Wwg, Wwg^Ewl, Wwg, Ss, Wo^Wkf, Wwg^Wkf, Wo, Wo, Wwg, Wo^Wkf, Wo, Wwg^Ewl, Ss, Ss, Ss^Ft, Sm, Ss^Ft, Ss, Ss, Ss^Ft, Sm, Ss^Ft, Ss^Ft, Hh^Ft, Hh^Ft, Mm, Hh^Ft, Ss^Ft, Hh, Wwrg, Wo, Wwg, Ss, Ss^Ft, Ss, Sm^Ft, Ss, Ss^Em, Ss, Ss^Ft, Ss, Ss^Em, Ss, Ss^Ft, Ss, Ss, Rb, Gll, Rb^Edp, Rb
Wog, Wog, Wog, Wog, Wog, Dd, Gg^Efm, Gg, Ds^Ewsh, Gg, Gg, Gg^Fds, Ss, Ss, Ss^Ft, Ss, Ss^Ft, Ss, Ss^Ft, Ss^Ft, Ss^Ft, Ss, Ss, Ss^Ftr, Ss^Ft, Ss^Ft, Ss^Ft, Ss^Ft, Wwg^Wkf, Ds, Sm^Ft, Ss, Wo^Wkf, Ss, Ss^Ft, Wo, Wwg, Wo, Wo^Ewl, Wo^Wkf, Wwg^Wkf, Wo, Wo, Wo, Wo^Wkf, Ss, Sm, Ss, Dd, Sm, Sm^Ft, Ss, Sm, Hh^Ft, Ss, Hh^Ft, Mm, Mm, Mm, Hh^Ft, Ss, Wwg^Wkf, Wo^Wkf, Wo, Wwg^Wkf, Ss^Em, Sm, Ss^Ft, Dd, Ds, Ss^Ft, Ss, Ss^Ft, Ss^Ft, Sm, Ss^Em, Ss, Ss, Ss^Ft, Rb, Rb^Edp, Rb
Wog, Wog, Wog, Wog, Wog, Wog, Ww^Ewl, Wwg, Wwg, Wwg^Ewf, Wwg^Ewf, Dd, Gg, Ss, Ss, Ss, Ss^Ft, Ss, Ss, Ss^Ft, Ss, Ss^Ft, Ss^Ft, Ss, Ss, Ss^Ft, Ss, Ss, Wwg^Wkf, Dd, Ss^Ft, Ss^Ft, Sm^Ft, Wo, Wwg^Wkf, Wo, Wo^Wkf, Wwg, Ss, Ss, Ss, Ss, Wwg^Wkf, Wo, Wo, Wwg^Ewf, Wwg^Wkf, Ss, Wwg^Wkf, Dd, Ds, Ss, Ss^Ft, Sm, Hh^Ft, Hh^Ft, Mm^Ft, Mm, Mm, Hh^Ft, Ss, Ss, Wwg, Wo, Wwrg, Ss^Ft, Wo, Ss^Em, Wwg^Wkf, Ds, Dd, Ss, Ss, Sm^Ft, Sm, Ss, Ss^Ft, Ss, Ss, Ss, Ss^Ft, Ss
Wog, Wog, Wog, Wog, Wog, Wog, Wog, Wog, Wog, Gg^Efm, Wwg, Ds^Ewsh, Ss, Ss, Ss, Ss, Wog^Ewl, Ss, Wwt^Ewl, Ss, Ss^Ft, Ss, Wwg, Ss^Ft, Ss^Ft, Ss^Ftr, Ss^Ftr, Ss^Ft, Ss, Wo^Wkf, Wo^Wkf, Sm, Dd, Ds, Wwg^Ewl, Wo, Wo^Wkf, Ss, Sm, Ss^Ft, Sm, Ss, Ss, Wwg^Ewl, Wo, Wo, Wo, Wo, Wo, Wo^Wkf, Wwg, Ss, Sm, Ss, Ss, Hh, Sm^Ft, Sm^Ft, Hh^Ftr, Hh, Sm, Ss^Ft, Ss, Wo^Ewl, Wo, Wo, Wwg, Wo^Wkf, Wo, Wwg, Wo^Ewl, Wo^Wkf, Wwg, Sm, Sm, Ss^Ft, Ss^Ft, Ss^Em, Ss^Em, Ss, Ss, Ss
Wog, Wog, Wwg, Wog, Wwg, Wog, Wo, Wog, Wog, Wog, Wog, Wog^Ewl, Wwg, Wog^Ewf, Wog, Wwg, Wwg, Wog, Wog, Wog^Ewl, Wwg^Wkf, Ss^Ft, Ss, Ss, Ss, Ss^Ft, Ss^Ftr, Ss, Ss, Ss^Ft, Ss, Wwg, Wwg^Wkf, Dd, Wwg, Wo, Wwg^Ewf, Ss^Ft, Ss^Ft, Ss^Ft, Ss^Ft, Ss^Ft, Ss, Sm, Ss^Ft, Wo^Wkf, Wwg, Wo, Wwg^Ewl, Wo, Wo, Wwg^Wkf, Ss, Ss^Ft, Ss^Ft, Hh, Ss, Hh^Ft, Hh^Ftr, Sm^Ftr, Sm, Ss^Ft, Sm, Wo^Ewf, Wwg, Wo^Wkf, Wwg, Wo, Wwg, Wo, Wo, Wo^Ewl, Wwg, Wwg^Wkf, Wo^Wkf, Ss, Ss, Ss, Sm, Ss^Ft, Ss, Ss^Ft
Wog, Wwg, Wwg, Wwg, Wog, Wog, Wwg, Wo, Wog, Wog, Wog, Wog, Wog, Wog, Wog, Wwg, Ss, Wo, Wog, Wo, Wo, Wwg, Wwg, Wwg^Wkf, Wwg^Wkf, Ss^Ft, Ss, Ss^Ft, Hh^Ft, Ss^Ft, Ss^Ft, Sm, Ss^Ft, Wo^Wkf, Wo^Ewl, Wo, Wo, Ss, Ss, Sm^Ft, Sm^Ft, Hh^Ft, Hh^Ftr, Ss^Ft, Ss, Ss, Sm, Ss, Ss, Wo^Wkf, Wo, Wo^Ewf, Wwg^Wkf, Ss, Ss^Ft, Ss^Em, Sm, Hh, Hh^Ft, Hh^Ft, Ss^Ftr, Ss, Ss^Ft, Wwg^Wkf, Ss, Wwg, Wwg^Wkf, Sm, Ss^Ft, Ss, Wwg^Wkf, Wo, Wo, Wo, Wo^Bw/, Wwg^Bw/, Wwg, Sm^Em, Ss^Ft, Ss^Ft, Ss, Ss^Ft
Wwg, Wwrg, Mm, Mm, Wwf^Dr, Gg^Fds, Gg^Fds, Wog, Ww, Wo, Wo, Wog, Wog, Wog, Wog, Wog, Wo, Wwg, Ss, Wo, Wo, Wo^Wkf, Wo, Wwg^Ewf, Ss^Ft, Ss, Ss^Ft, Ss^Ft, Ss, Ss^Ftr, Ss^Ft, Ss, Ss^Ft, Sm, Ss, Wo, Wo^Wkf, Wwg, Wo^Ewl, Ss^Ft, Ss, Ss, Hh^Ftr, Hh^Ft, Ss^Ft, Sm^Feth, Ss, Ss^Ft, Ss, Wwg^Wkf, Wo, Wo, Wo, Ss, Ss, Ss, Sm^Ft, Ss, Sm, Ss, Ss^Ftr, Sm, Ss^Ft, Ss, Ss, Sm, Ss^Ft, Ss, Ss^Ft, Ss^Ft, Sm, Ss, Rb, Wwg^Bw/, Wo^Wkf, Wo, Wo, Wwg^Wkf, Ss, Sm^Ft, Sm, Ss
Wwrg, Wwrg, Mm, Mm, Gs^Fds, Hh, Gg, Wog, Wog, Ww^Ewl, Wo^Ewf, Wog, Wwg, Wwg, Wo^Ewl, Wwg, Wwt^Ewf, Wwg^Ewl, Ss^Ft, Wo, Wwg, Wo, Wo, Wo, Wo^Ewl, Ss^Ft, Wo, Wwg^Wkf, Ss, Ss^Ft, Hh^Ftr, Ss^Ftr, Ss^Ft, Ss, Sm, Wwg^Wkf, Wwg^Wkf, Wo, Wo, Wwg^Wkf, Dd, Ss^Ft, Ss, Hh^Ftr, Hh^Ftr, Ss^Ft, Ss^Ft, Sm^Ft, Sm^Ft, Ss, Ss, Wwg, Wo, Wo^Wkf, Wwg, Ss^Ft, Ss^Em, Ss, Sm, Hh, Ss^Ft, Ss, Hh, Ss, Ss^Ft, Sm, Ss, Ss^Ft, Ss^Ft, Ss, Re^Es, Ss, Rb, Ss, Wwg^Wkf, Wo, Wwg, Wo^Ewl, Wo, Wwg^Wkf, Ss^Ft, Ss
Hh, Hh^Qhh, Mm, Mm, Hh^Fds, Gg^Efm, Gg, Wog, Gg, Ds^Ewsh, Dd, Dd, Ds, Sm, Gg, Ss, Ss, Ss, Wwg^Ewl, Wo^Wkf, Wwg^Wkf, Wwg, Ss, Wo, Ss, Wwg, Wwg, Wwg, Wo^Wkf, Dd, Ds, Hh^Ft, Ss^Ft, Sm, Ss, Ss^Ft, Sm, Wo^Ewf, Wo, Wwg, Wwg^Wkf, Ds, Dd, Ss^Ft, Hh^Ftr, Hh^Ft, Ss^Ft, Sm, Dd, Ss^Ft, Wwg^Wkf, Wwg, Wo, Wo^Ewl, Ds, Wwg, Wwg^Wkf, Ss, Ss^Ft, Ss, Ss, Ss^Ft, Hh, Hh^Ft, Hh^Ft, Ss, Sm, Ss, Ss, Re^Es, Ss, Rb, Ss^Ft, Sm^Ft, Sm, Ss^Ft, Wwg, Wo^Wkf, Wwg, Sm, Ss^Ft, Ss^Ft
Gg, Mm, Gg, Hh^Fds, Gg, Gg^Fds, Wog, Wog^Ewf, Gg, Gg, Gg, Gg, Gg, Hh, Ss, Hh, Gg, Ss^Ft, Ss, Sm, Ss, Wo, Wwt, Ss^Ft, Ss, Ss^Ft, Ss, Wo, Wo^Ewl, Dd, Ss^Ft, Ss, Ss, Hh^Ftr, Hh^Ft, Ss^Ft, Ss^Ft, Ss, Wo, Wwg, Wo, Dd, Ss^Ft, Ss^Ft, Ss^Ft, Hh^Ft, Sm, Sm, Ds, Wwg^Wkf, Wo, Wo, Wwg, Ss^Ft, Dd, Ss^Ft, Dd, Wo^Wkf, Ss, Ss^Em, Ss, Sm^Em, Ss, Ss, Ss, Ss, Hh, Ss^Ft, Ss^Ft, Rb^Em, Re, Ss^Ft, Sm^Ft, Ss^Ft, Sm^Ft, Wwg, Wo^Wkf, Wo, Wo, Ss^Ft, Sm, Ss
Mm, Gg, Hh, Gg, Wog, Wog, Gg^Efm, Gg, Gg^Efm, Gg^Efm, Gg^Efm, Ss, Gg^Efm, Gg, Ss, Ss, Gg, Ss, Ss^Ft, Ss, Ss^Ft, Sm, Ss, Wo^Wkf, Wo, Wwg, Wo^Wkf, Wo, Wo, Wwg^Ewf, Ss, Sm, Ss, Hh, Hh^Ft, Sm, Ss, Wwg, Ss, Wo, Wo, Wo^Ewl, Wwg^Wkf, Ss, Ss^Ft, Ss^Ft, Sm^Ft, Dd, Wwg, Wo^Ewl, Wo, Wo^Wkf, Ss^Ft, Ss^Ft, Ss^Ft, Ss^Ft, Wo, Wwg, Wwg, Sm, Ss, Ss, Ss^Ft, Ss^Ft, Sm^Em, Ss^Ft, Ss^Ft, Ss^Ft, Sm^Em, Ss, Rb, Ss, Sm^Em, Ss^Ft, Ss^Ft, Ss, Wo, Wo, Wo^Wkf, Wwg^Wkf, Sm, Ss^Ft
Mm^Fds, Mm, Gg^Fds, Gg, Wog, Gg^Efm, Gg^Efm, Gg^Efm, Gg^Efm, Gg^Efm, Gg, Gg, Sm, Sm, Gg, Gg, Gg, Gg, Ss, Gg^Ft, Ss, Sm, Ss, Wwg^Wkf, Wwg^Ewf, Wo, Wo^Wkf, Wo, Wo, Wo^Wkf, Wo^Wkf, Ss^Ft, Sm, Ss^Ftr, Ss, Hh, Ss^Ftr, Sm, Ss^Ft, Wwg^Wkf, Wo^Ewf, Wo, Wo, Sm, Ss, Hh^Ft, Ss^Ftr, Ss, Wwg^Wkf, Wo, Wo^Wkf, Ss, Sm, Sm, Ss^Ft, Wwg^Wkf, Sm^Wkf, Ss^Ft, Ss, Wo^Wkf, Ss, Wwg^Wkf, Ss, Ss^Ft, Ss, Ss^Ft, Sm, Ss, Ss^Ft, Dd, Ss^Ft, Rb, Re, Ss^Ft, Wo^Wkf, Wo, Wwg, Wo, Wwg^Wkf, Ss^Ft, Ss^Ft, Ss^Ft
Hh^Fds, Hh^Fds, Gg, Wog^Ewf, Dd, Gg^Efm, Gg^Efm, Gg^Efm, Gg^Efm, Gg^Efm, Ss, Gg, Ss, Gg, Ss, Gg, Gg, Ss, Ss, Gg, Gg, Ss, Ss^Ft, Ss, Ss, Wo^Ewl, Sm, Wwg, Wo^Wkf, Wo, Wo, Wwg, Ss, Ss^Ft, Sm^Feth, Hh^Ftr, Ss, Sm^Ft, Ss, Wwg^Wkf, Sm, Wo, Wo, Wwg^Wkf, Ss, Ss^Ftr, Hh^Ft, Ss^Ft, Ss, Wo, Wo, Wwg, Wwg^Wkf, Ss^Ft, Wo, Wwg, Ss, Ss^Ft, Ds, Wwg^Wkf, Wo, Wwg^Wkf, Ss, Wwg, Wo, Wwg^Wkf, Wo^Wkf, Wwg^Wkf, Wwg^Ewf, Ds, Dd, Ss, Rb, Wo^Wkf, Wo, Wwg, Wwg, Wo^Ewl, Sm^Wkf, Ss, Ss, Ss
Mm, Gg^Fds, Gg^Fds, Wog, Ds^Ewsh, Gg, Gg, Gg^Efm, Gg^Efm, Gg^Efm, Ss^Wkf, Ss, Gg, Sm, Gg, Hh, Gg, Hh, Gg, Hh, Gg, Ss^Ft, Sm, Sm, Ss^Ft, Sm, Ss, Ss, Wwg^Wkf, Wo^Wkf, Wo, Wwg^Wkf, Sm^Ft, Ss, Ss^Ft, Ss, Sm^Ftr, Hh^Ft, Sm, Ss, Sm^Ft, Wwg^Wkf, Wo^Ewl, Wo, Wo^Wkf, Ss, Ss, Hh^Ft, Ss^Ft, Wwg^Wkf, Wo^Wkf, Wo, Dd, Wo, Ss^Ft, Wwg, Wwg^Wkf, Wo^Wkf, Wwg, Dd, Ss, Wo, Wo^Wkf, Wo, Wo, Wo, Wo, Wo, Wo, Wo^Wkf, Wo, Wwg^Wkf, Wo, Wwg^Bw\, Rb, Sm, Wo^Ewf, Wo^Wkf, Ss, Ss^Ft, Ss^Ft, Ss
Mm, Gg, Gg, Wog, Wog, Dd, Gg^Efm, Gg^Efm, Gg, Gg, Gg, Ss, Hh, Gg, Gg, Ss, Ss, Ss, Ss, Ss, Gg, Ss, Hh, Ss, Ss, Ss, Ss^Fetd, Ss, Dd, Wo, Wo, Wo^Ewl, Ss, Ss, Ss^Ft, Sm, Ss^Ft, Ss, Hh, Ss, Ss^Ft, Ss, Sm, Wo, Wo, Wwg^Wkf, Ss^Ft, Ss^Ftr, Sm^Ft, Ss, Wwg, Wo, Wwg, Ds, Wwg^Wkf, Sm, Ss^Ft, Ss^Ft, Ss, Wwg, Wo^Ewl, Wwg^Wkf, Wo, Wo, Wwg, Wwg^Ewl, Ss, Wo, Wo^Wkf, Wo, Wo, Wo, Ss, Sm^Ft, Ss, Wwg^Bw\, Rb, Ss, Rb, Sm^Ft, Sm, Ss
Hh, Gg^Fds, Gg, Ww^Ewl, Gg^Efm, Wog, Gg^Efm, Gg, Gg^Efm, Gg^Efm, Gg, Ss, Ss, Gg, Ss, Gg, Hh, Gg, Gg, Gg, Hh, Ss, Hh, Ss, Ss, Hh^Ft, Ss^Ft, Ss, Ds, Wwg, Wo, Wo, Wo, Wwg^Wkf, Ss, Sm, Ss, Hh^Ftr, Hh^Ft, Ss, Ss^Ft, Ss, Ss, Wwg, Wo, Wwg^Ewf, Ss, Hh^Ft, Ss, Ss^Ft, Wwg^Ewl, Wo, Wo, Wo^Ewf, Wo, Wwg^Wkf, Sm, Ss^Ft, Wwg, Wo, Ss, Wo, Wo^Wkf, Wo, Wwg, Ss, Ss^Ft, Ss, Wwg, Wo, Wo, Wwg^Wkf, Wwg^Wkf, Sm, Wo, Wo, Sm, Re, Sm, Rb, Sm, Ss^Ft
Gg^Fds, Gg, Gg^Fds, Gg, Gg, Wog, Wog, Gg, Gg, Ss, Gg, Sm, Sm, Hh, Gg, Gg, Ss, Ss, Mm, Ss, Mm, Hh, Mm, Hh, Hh, Ss^Ft, Hh, Sm^Ft, Ss, Wwg^Wkf, Wo^Wkf, Wo, Wo, Wo, Wwg^Ewl, Ss, Ss^Ft, Ss^Ft, Ss, Ss, Sm^Ft, Sm, Wwg, Wo^Wkf, Wo, Wo, Wo^Wkf, Dd, Ss^Ft, Sm^Ft, Ss^Ft, Wo^Wkf, Ss^Ft, Wo, Wwg, Wo, Ss, Wo, Wo^Ewf, Dd, Ss^Ft, Wo^Wkf, Wwg, Wo, Ss, Ss^Ft, Ss^Ft, Sm, Wwg^Wkf, Wo^Wkf, Wo^Ewl, Wwg, Wo, Wo^Ewf, Dd, Ss^Ft, Ss, Sm, Ss^Ft, Rb, Re^Es, Ss^Ft
Gg^Fds, Gg^Fds, Gg^Fds, Gg, Gg, Gg, Wog, Gg, Gg^Efm, Gg^Efm, Gg^Efm, Hh, Gg, Gg, Ss, Ss, Gg, Ss, Hh, Hh, Hh, Hh, Mm, Hh, Mm, Hh, Hh, Ss, Sm^Ft, Ss, Sm, Wwg, Wo^Ewf, Wo, Wo, Ss^Ft, Ds, Sm, Ss, Ss^Ft, Ss^Ft, Ss, Wwg, Ss, Wo, Wo^Ewf, Wwg^Wkf, Dd, Ds, Hh, Ss, Sm, Ss^Ftr, Ss^Ft, Ss, Wo^Ewl, Wo^Ewl, Wo, Wwg, Ss^Ft, Ss^Ft, Wo^Wkf, Ss, Wwg, Sm, Ss^Ft, Ss^Ft, Hh, Ss^Ft, Ss, Wo^Ewl, Wo, Wo^Wkf, Ds, Ss^Ft, Sm, Ss, Sm^Ft, Sm^Ft, Ss, Re, Ss
Gg, Gg^Fds, Gg, Gg, Gg, Gg, Wog, Ds, Gg, Gg, Gg^Efm, Gg, Sm, Sm, Ss, Gg, Hh, Hh, Mm, Hh, Gg, Mm, Mm, Mm, Mm, Mm, Hh, Ss, Hh, Ss, Sm^Ft, Ss, Wwg^Wkf, Wo, Wo, Dd, Dd, Wwg^Wkf, Ss, Sm, Ss^Ft, Sm, Ss, Wo^Wkf, Wo, Wo, Ss, Dd, Ss^Ft, Hh^Ft, Hh^Ftr, Sm^Ft, Ss^Ftr, Ss, Ss^Ft, Wwg, Wo, Wo, Ss, Ds, Wwg, Wo^Wkf, Ss^Ft, Ss^Ft, Ss, Hh^Fetd, Ss^Ftr, Ss^Ft, Ss^Ft, Ss, Wo^Wkf, Wo, Wo^Wkf, Dd, Ss^Ft, Sm, Rb^Es, Rb^Es, Rb, Rb, Ss^Ft, Ss^Ft
Gg, Gg, Gg, Gg, Wog, Wog, Ds, Dd, Gg^Efm, Gg, Gg^Efm, Ss, Gg, Gg, Gg, Mm, Mm, Ss, Mm, Hh, Mm, Hh, Hh, Mm, Mm, Hh, Mm, Hh, Hh, Ss, Ss^Ft, Ss^Ft, Ss, Wwg^Ewf, Wo^Wkf, Wo, Wo, Wwg, Ss^Ft, Sm, Sm, Ss, Ss, Wwg, Wo, Wo, Sm, Ss^Ft, Hh^Ftr, Mm, Hh^Ftr, Hh^Ftr, Ss, Sm^Ft, Wwg^Wkf, Wwg, Wo^Wkf, Wo, Ss, Ss^Ft, Wwg^Ewl, Ss, Sm, Ss^Ftr, Hh, Hh^Ft, Ss, Sm, Ds, Wwg^Ewl, Ss, Wo, Wo, Wwg, Sm, Ss, Rb, Sm, Ss, Ss, Ss^Ft, Ss^Ft
Gg, Gg, Ds, Dd, Wog, Gg, Gg^Efm, Gg, Gg, Gg, Gg, Gg^Efm, Gg, Gg, Mm, Hh, Gg, Gg, Mm, Mm, Hh, Mm, Hh, Mm, Hh, Mm, Mm, Mm, Hh, Ss, Sm, Sm, Ss^Ft, Wwg, Wo^Wkf, Wo, Wwg, Wwg, Wwg, Ss^Ft, Ss, Wwg^Wkf, Wo^Wkf, Wo, Wo, Wo^Wkf, Ss, Ss, Hh, Hh^Ftr, Hh^Ftr, Ss, Ds, Dd, Wwg, Wo, Wo, Wo^Wkf, Wwg^Wkf, Wo, Ss^Ft, Ss^Ft, Ss^Ft, Ss, Sm, Ss^Ftr, Ss^Ft, Dd, Wwg, Dd, Wo, Wo, Wo^Wkf, Wwg^Ewf, Ss^Ft, Ss^Ft, Ss, Re, Ss, Sm, Sm, Ss^Ft
Gs, Gg, Ds, Wog, Ds, Gg, Gg, Gg, Wog, Gg, Gg^Efm, Gg, Gg, Gs^Fms, Mm, Mm, Hh, Mm, Hh, Wo, Wo, Wot, Mm, Mm, Mm, Mm, Mm, Mm, Mm, Hh^Ft, Ss, Ss, Ss, Ss, Wo, Wo, Wo, Wo^Wkf, Wo, Wo, Wo^Wkf, Wwg, Wo, Wo, Wwg, Ss, Ss, Sm^Ft, Ss, Ss^Ft, Ss^Ft, Ss^Ft, Dd, Wwg^Ewl, Wo^Wkf, Ss, Wo, Wo, Ss, Ss, Wwg, Sm, Ss^Ft, Ss^Ft, Wwg^Wkf, Ss^Ft, Wwg^Ewl, Wo^Wkf, Wo, Wo, Wo, Wo, Wo^Wkf, Ss^Ft, Sm, Ss^Ft, Sm, Rb, Sm, Ss, Hh, Hh
Gs, Gg, Gg, Wog, Wog, Dd, Wog, Wog, Wog, Wog, Gg, Gg^Efm, Gg, Mm, Mm, Mm, Mm, Hh, Wo, Wo, Mm, Mm, Mm, Mm, Mm, Hh, Mm, Hh, Mm, Hh, Ss, Hh, Sm, Sm, Wwg, Ss^Ft, Ss^Ft, Wo, Wwg, Wwg, Wo^Wkf, Wo, Wo, Wo, Ss, Wo, Wwg^Ewf, Ss, Sm^Ft, Ss, Sm, Sm, Ss^Ft, Ss, Wwg, Ss, Wo^Wkf, Wo, Wo^Wkf, Ss, Wo, Wo, Wwg, Ss, Ss, Wo^Wkf, Wo, Wo, Wo^Wkf, Wwg, Ss, Wwg^Ewl, Ss^Ft, Ss, Sm, Ss, Re, Rb, Ss, Ss, Sm, Hh
Gg, Gs, Gg, Dd, Gg, Wog, Wog, Wog, Wog, Wog, Dd, Gg, Gg, Mm, Mm, Gg, Hh, Mm, Wo, Mm, Mm, Hh, Mm, Mm, Mm, Hh, Mm, Hh, Mm, Hh, Hh^Ft, Ss^Ft, Ss, Wwg^Wkf, Sm, Ss^Ft, Sm, Dd, Ss, Dd, Wo^Wkf, Wo^Ewl, Ss, Wwg^Wkf, Ss, Ss^Ft, Wwg, Ss, Sm, Ss^Ft, Hh, Ss, Ss, Wwg, Ss, Sm, Ss, Ss, Dd, Wo, Ds, Ss, Wo, Wwg^Ewl, Wo, Wo, Wwg, Wo, Wwg^Wkf, Sm^Ft, Sm^Fetd, Ss, Ss^Ft, Hh^Ft, Rb, Ss, Rb, Ss^Ft, Ss^Ft, Ss^Ft, Ss, Ss
Gg, Gs, Gg, Gs, Gg, Gg, Gs, Gg, Gs, Wog, Ds, Gg, Gg, Mm, Mm, Mm, Wo, Wo, Mm, Mm, Hh, Mm, Mm, Mm, Mm, Hh, Mm, Hh, Mm, Hh, Ss^Ft, Ss^Ft, Ss^Ft, Wo^Wkf, Wwg, Wwg^Ewf, Sm, Wwg^Ewl, Ss^Ft, Sm, Wwg^Ewf, Ss^Ft, Ss^Ft, Wo^Ewl, Wo, Wo, Ss^Ft, Ss, Ss^Ft, Ss^Ft, Ss^Ftr, Sm, Ss^Ft, Wo, Wwg^Ewl, Wwg^Ewf, Sm, Ss, Ss, Dd, Wo^Wkf, Ss, Wo, Wo, Wo, Wo, Wwg^Ewf, Ss, Sm, Ss, Hh^Ft, Ss^Ft, Hh^Ft, Hh^Ft, Ss, Sm, Sm, Rb, Rb, Ss, Ss^Ft, Ss
Gs, Gg, Gg, Gg, Gg, Re, Gg, Gg, Gs, Wog, Wog, Dd, Wo, Mm, Wo, Wo, Hh, Mm, Hh, Mm, Mm, Mm, Mm, Mm, Hh, Mm, Hh, Hh, Hh, Hh^Ft, Ss, Ss^Fetd, Sm, Sm, Wwg^Ewl, Ss^Ft, Sm, Ss, Ss^Ft, Ss^Ft, Sm, Wwg, Ss, Ss, Wwg, Wwg^Ewf, Ss, Sm, Hh^Ft, Hh^Ft, Ss^Ft, Sm, Ss^Ft, Ss^Ft, Wo, Ss, Ss, Wwg, Ss, Sm, Wwg, Wo^Ewf, Dd, Wwg, Dd, Wo^Wkf, Sm, Ss^Ft, Ss^Ft, Ss, Ss^Ft, Hh^Ft, Ss, Ss^Ft, Rb^Ft, Rb, Rb, Ss, Re, Ss^Ft, Rb, Rb
Gs, Gs^Edb, Gg, Gs, Re, Gs, Gg, Re, Re, Ds, Ds, Wot, Wo, Wo, Mm, Mm, Mm, Mm, Mm, Hh, Hh, Hh, Hh, Hh, Mm, Mm, Mm, Hh, Mm, Hh, Hh^Ft, Ss, Ss^Ft, Sm, Ss, Wwg, Wo, Ss, Sm, Ss, Sm^Ft, Sm^Feth, Ss^Ft, Ss, Wo^Wkf, Ss, Ss^Ft, Sm, Sm, Hh^Ft, Hh^Ftr, Ss, Wwg^Wkf, Ss^Ft, Ss^Ft, Wwg, Wwg^Wkf, Wo^Wkf, Wo^Ewl, Wwg^Wkf, Ss, Sm, Ss, Ds, Ss^Ft, Ss^Ft, Hh, Sm, Sm, Ss^Ft, Ss, Hh, Rb, Sm, Rb, Sm, Re, Ss, Hh, Rb^Ft, Ss, Rb
Gs, Gs, Gs, Gs, Gs, Re, Gs, Re, Ds, Gs, Gs^Ftp, Gs^Ftp, Mm, Mm, Mm, Mm, Mm, Hh, Mm, Hh, Mm, Mm, Hh, Mm, Mm, Mm, Mm, Hh, Hh, Hh, Ss, Ss, Ss, Sm^Ft, Ss^Ft, Ss, Ss, Wo^Ewl, Wwg, Ss^Ft, Ss^Ft, Ss, Wwg^Wkf, Wwg, Sm, Ss, Ss^Ft, Ss, Ss^Ft, Hh^Ft, Ss, Wwg^Wkf, Wwg, Ss, Ss^Ft, Ss, Ss^Ft, Ss, Ss^Ft, Sm, Ss, Ss, Hh^Ft, Hh^Ft, Hh^Ft, Ss^Ft, Ss, Ss, Hh^Ftr, Ss^Ft, Hh^Ft, Ss, Rb, Rb, Re^Es, Rb, Sm, Rb, Hh, Sm, Rb^Ft, Ss^Ft
Gs, Gs, Gs, Re, Re, Gs, Re, Gs, Re, Gll^Ftr, Gll^Ftr, Dd^Ftd, Mm, Mm, Gs^Ft, Mm, Gll^Ftr, Mm, Mm, Gs^Ft, Gs^Ft, Mm, Hh, Mm, Mm, Mm, Mm, Mm, Hh^Ft, Ss, Hh^Ft, Hh^Ft, Ss, Ss^Ft, Ss^Ft, Sm^Ft, Sm^Fetd, Wwg, Sm, Wo^Wkf, Wo, Wwg, Wwg^Ewl, Ss, Hh^Ft, Ss^Ft, Hh^Ft, Ss^Ftr, Hh, Hh^Ftr, Hh^Ft, Wwg^Ewl, Wwg^Wkf, Wwg, Wwg^Wkf, Ss, Ss, Ss, Ss^Ft, Ss, Ss, Sm^Feth, Ss, Hh^Ft, Hh^Ft, Sm, Ss^Ft, Hh^Ft, Sm, Hh^Ft, Ss^Ftr, Hh^Ft, Re, Ce, Ket, Ce, Re^Eff, Ss, Re, Sm, Re^Es, Rb
Gs, Gs, Re, Re, Re, Gs, Re, Dd^Ftd, Gs, Gll^Ftr, Re, Gll^Ftr, Gs^Ft, Gll^Ftr, Gs^Ft, Ss, Gs^Ft, Gll^Ftr, Gs^Ft, Gll^Ftr, Gs^Ft, Mm, Hh, Hh, Mm, Mm, Hh, Hh, Ss, Ss, Ss^Ft, Hh^Ft, Ss, Ss, Sm, Ss^Ft, Ss, Ss^Ft, Ss, Sm, Ss^Ft, Ss^Ft, Ss, Ss, Hh^Ft, Ss^Ftr, Ss^Ft, Ss^Ftr, Hh^Ftr, Hh^Ftr, Hh, Hh^Ftr, Hh^Ft, Wwg^Ewf, Ss, Ss^Ft, Ss, Gs^Ft, Ss^Ft, Sm^Ft, Hh^Ft, Hh^Ft, Hh^Ft, Hh^Ftr, Hh^Ft, Hh^Ft, Hh^Ft, Wwg^Wkf, Wwg, Hh^Ft, Rb^Ft, Ss, Rb, Sm^Efs, Ce, Re^Efs, Rb^Eff, Rb^Eff, Ss, Rb^Ft, Rb^Es, Ss
Re, Gs, Gs, Gs, Re, Gs, Gll^Ftr, Re, Gll^Ftr, Gll^Ftr, Gll^Ftr, Gll^Ftr, Gs^Ft, Gs^Ft, Gll^Ftr, Gs^Ft, Gs^Ft, Gs^Ft, Gs^Ft, Gll^Ftr, Gs^Ft, Mm, Gs^Ft, Hh, Mm, Mm, Hh, Mm, Hh, Hh^Ft, Ss, Ss^Ft, Hh^Ft, Ss^Ft, Ss, Ss^Ft, Ss, Ss^Ft, Ss, Hh^Ft, Ss^Ft, Ss, Hh, Hh^Ft, Ss^Ft, Ss, Hh^Ft, Hh, Hh, Mm, Mm, Hh^Ft, Hh^Ft, Hh^Ft, Ss^Ft, Ss, Ss^Ft, Hh^Ft, Hh^Ft, Ss, Hh^Ft, Hh^Ftr, Hh^Ftr, Hh^Ftr, Hh^Ft, Hh^Ft, Hh^Ft, Wwg^Ewl, Ss, Hh, Ss^Ft, Rb^Ft, Rb^Fetd, Ss, Sm^Efs, Rb^Eff, Sm, Rb^Ft, Rb^Ft, Ss^Ft, Rb^Ft, Rb
Xv, Gs, Xv, Re, Gll^Ftr, Re, Xv, Gll^Ftr, Gs^Ft, Gll^Ftr, Gs^Ft, Gs^Ft, Gs^Ft, Gll^Ftr, Gll^Ftr, Gs^Ft, Gs^Ft, Gs^Ft, Gs^Ft, Gs^Ft, Gs^Ft, Gs^Ft, Gs^Ft, Ss, Xv, Ss, Xv, Mm, Xv, Ss^Ft, Xv, Ss^Ft, Xv, Sm, Xv, Sm, Xv, Hh^Ft, Xv, Sm^Ft, Xv, Hh^Ft, Xv, Hh^Ft, Xv, Ss^Ft, Xv, Hh^Ft, Xv, Mm, Xv, Hh, Xv, Hh, Xv, Ss, Xv, Ss, Xv, Ss^Ft, Xv, Hh^Ftr, Xv, Hh^Ftr, Xv, Hh, Xv, Hh, Xv, Rb^Ft, Xv, Ss, Xv, Ss^Ft, Xv, Ss, Xv, Ss, Xv, Ss, Xv, Ss
Gll^Ftr, Xv, Gll^Ftr, Xv, Gll^Ftr, Gll^Ftr, Gs^Ft, Gs^Ft, Gs^Ft, Gll^Ftr, Gll^Ftr, Gll^Ftr, Gll^Ftr, Gll^Ftr, Gs^Ft, Gll^Ftr, Gs^Ft, Gs^Ft, Dd, Gs^Ft, Dd, Gs^Ft, Gll^Ftr, Xv, Dd, Xv, Dd, Xv, Dd, Xv, Dd, Xv, Dd, Xv, Dd, Xv, Dd, Xv, Dd, Xv, Dd, Xv, Dd, Xv, Dd, Xv, Dd, Xv, Dd, Xv, Dd, Xv, Dd, Xv, Dd, Xv, Dd, Xv, Dd, Xv, Dd, Xv, Dd, Xv, Dd, Xv, Dd, Xv, Dd, Xv, Dd, Xv, Dd, Xv, Dd, Xv, Dd, Xv, Dd, Xv, Dd, Xv
Gll^Ftr, Gll^Ftr, Gll^Ftr, Gll^Ftr, Gll^Ftr, Gs^Ft, Gll^Ftr, Gll^Ftr, Gll^Ftr, Gll^Ftr, Gll^Ftr, Gll^Ftr, Gll^Ftr, Gll^Ftr, Gd^Fts, Gll^Ftr, Gll^Ftr, Dd, Dd, Dd, Dd, Dd, Dd, Dd, Dd, Dd, Dd, Dd, Dd, Dd, Dd, Dd, Dd, Dd, Dd, Dd, Dd, Dd, Dd, Dd, Dd, Dd, Dd, Dd, Dd, Dd, Dd, Dd, Dd, Dd, Dd, Dd, Dd, Dd, Dd, Dd, Dd, Dd, Dd, Dd, Dd, Dd, Dd, Dd, Dd, Dd, Dd, Dd, Dd, Dd, Dd, Dd, Dd, Dd, Dd, Dd, Dd, Dd, Dd, Dd, Dd, Dd
Gll^Ftr, Gll^Ftr, Gll^Ftr, Gll^Ftr, Gll^Ftr, Gll^Ftr, Gll^Ftr, Gll^Ftr, Gll^Ftr, Gll^Ftr, Gll^Ftr, Gll^Ftr, Gll^Ftr, Gll^Ftr, Gll^Ftr, Gll^Ftr, Gll^Ftr, Dd, Dd, Dd, Dd, Dd, Dd, Dd, Dd, Dd, Dd, Dd, Dd, Dd, Dd, Dd, Dd, Dd, Dd, Dd, Dd, Dd, Dd, Dd, Dd, Dd, Dd, Dd, Dd, Dd, Dd, Dd, Dd, Dd, Dd, Dd, Dd, Dd, Dd, Dd, Dd, Dd, Dd, Dd, Dd, Dd, Dd, Dd, Dd, Dd, Dd, Dd, Dd, Dd, Dd, Dd, Dd, Dd, Dd, Dd, Dd, Dd, Dd, Dd, Dd, Dd
