Dd, Dd, Dd, Dd, Mdd, Mdd, Mdd, Dd, Rd^Qhu, Rd^Qhu, Rd, Rd, Rd, Dd, Rd, Dd, Re^Qhu, Dd, Rd^Qhu, Dd, Dd, Dd, Dd, Dd, Dd, Dd, Dd, Dd, Dd, Dd, Hd, Dd, Rd, Rd, Rd, Dd, Dd, Dd, Rd, Dd, Dd, Dd, Rd, Dd, Rd, Rd
Dd, Dd, Dd, Dd^Edb, Rd, Mdd, Mdd, Dd^Dr, Rd^Es, Rd^Qhu, Re, Rd, Dd^Wkf, Dd, Rd, Rd, Re^Qhu, Rd^Qhu, Dd^Qhu, Dd, Dd^Wkf, Dd^Edb, Rd, Rd, Dd, Dd^Wkf, Dd^Ftd, Dd^Ftd, Dd^Edp, Dd, Hd^Es, Hd^Es, Rd^Es, Rd, Dd, Dd^Edb, Exos, Rd, Rd, Rd, Dd^Vdt, Rd, Rd, Rd, Dd^Edp, Rd
Dd, Dd^Edb, Dd^Edp, Re^Es, Re^Es, Rd^Qhh, Re^Qhh, Rd^Dr, Re^Es, Re^Es, Dd^Wkf, Dd^Edp, Dd^Qhh, Dd, Re, Re^Qhu, Rd^Qhu, Dd^Qhu, Rd, Rd, Dd, Rd, Rd^Qhu, Rd, Dd^Es, Dd^Edp, Dd^Wkf, Dd^Do, Hhd^Ftd, Hhd^Es, Re, Re, Re, Rd, Re, Qxu, Dd^Qhu, Rd^Qhu, Dd^Qhu, Qxu, Qxu, Rd, Exos, Rd, Rd, Dd
Rd^Qhh, Dd, Dd^Es, Dd^Qhh, Re^Dr, Re^Es, Rd, Re, Mdd, Dd, Dd^Edp, Dd^Feth, Rd^Qhh, Re^Dr, Mdd, Rd, Dd, Dd^Qhu, Rd^Qhu, Rd^Fdw, Rd, Rd^Qhu, Re^Qhu, Re^Es, Dd^Qhu, Dd^Ftd, Rd, Re^Vct, Re, Hd, Rd, Re, Dd^Vdt, Re, Re^Es, Qxu, Exos^Cov, Exos^Cov, Exos^Cov, Xor, Exos^Cov, Rd^Qhu, Rd, Rd, Dd^Vdt, Rd
Dd, Dd^Qhh, Dd^Qhh, Rd^Qhh, Mdd, Re^Qhh, Re, Rd^Qhh, Rd^Qhh, Mdd, Rd^Dr, Dd, Re, Re^Qhh, Mdd, Dd^Dr, Dd^Edp, Dd^Edp, Dd, Rd^Qhu, Rd, Re^Qhu, Re^Qhu, Dd^Qhu, Dd^Qhu, Dd, Rd^Es, Rd^Qhu, Hd^Qhu, Re, Rd, Dd, Dd^Wkf, Rd, Dd, Re^Qhu, Rd^Qhu, Re^Qhu, Xor, Exos^Cov, Exos^Cov, Exos^Kov, Dd^Qhu, Rd, Rd, Rd
Re, Rd, Rd^Es, Mdd, Mdd, Mdd, Re^Dr, Re, Re, Mdd, Re^Dr, Re^Fdw, Re, Rd^Qhh, Rd^Qhh, Dd^Dr, Dd^Edp, Dd^Ftd, Dd^Fdw, Dd, Rd, Rd, Rd, Dd^Qhu, Dd^Qhu, Dd^Qhu, Rd, Hd, Hd, Rd^Qhu, Dd^Edb, Dd, Hd, Dd, Rd, Rd, Re, Qxu, Re^Qhu, Exos^Cov, Re^Qhu, Exos^Cov, Dd^Qhu, Rd, Rd, Rd
Rd, Re, Re, Re^Dr, Rd^Es, Rd^Dr, Rd^Es, Re, Rd, Rd, Rd, Re, Rd, Re, Re, Rd^Dr, Rd^Dr, Dd^Edp, Dd^Qhu, Dd^Qhu, Dd^Qhu, Rd, Dd^Esd, Hd, Hd^Qhu, Rd, Rd, Dd, Dd^Edp, Dd, Dd, Hd^Es, Hd^Es, Dd, Re, Rd, Re, Qxu, Re, Re^Qhu, Exos, Qxu, Qxu, Rd, Dd, Dd
Rd, Rd, Rd, Rd, Rd, Dd^Es, Dd, Dd^Es, Rd, Mdd, Mdd, Dd, Dd, Rd^Qhh, Re^Qhh, Mdd, Mdd, Dd^Edp, Re^Vct, Dd^Dr, Dd^Dr, Dd^Qhu, Dd^Edb, Hd^Es, Hd^Es, Dd, Rd, Dd^Edb, Dd^Edp, Dd^Edp, Rd, Rd, Hd, Rd^Es, Rd, Rd, Re, Re, Rd, Rd, Rd^Qhu, Rd^Qhu, Rd, Rd, Dd, Dd
Rd, Rd^Es, Dd^Es, Rd, Rd, Dd^Es, Rd, Dd, Dd, Rd^Dr, Dd^Dr, Dd, Rd, Rd, Rd, Re^Dr, Re^Qhh, Rd^Dr, Mdd, Mdd, Dd^Qhh, Dd, Dd, Hd^Es, Mdd, Dd^Edb, Dd, Dd, Dd^Qhu, Dd, Dd^Qhu, Rd, Re^Vct, Rd, Rd, Re, Rd, Rd^Es, Rd, Rd^Es, Dd^Vdt, Dd, Dd^Es, Dd, Rd, Rd
Re, Rd^Es, Rd, Rd^Es, Rd, Dd, Rd, Dd, Dd^Es, Dd, Dd^Edp, Dd, Dd^Wkf, Rd, Dd, Rd^Qhh, Rd, Rd^Qhh, Rd^Dr, Mdd, Rd^Qhh, Dd^Wkf, Dd^Esd, Hd^Dr, Mdd, Mdd, Hd^Dr, Dd^Qhu, Dd^Qhu, Dd^Qhu, Dd^Qhu, Dd^Esd, Rd^Qhu, Dd, Rd, Rd, Hd^Qhu, Rd, Hd, Hd^Es, Dd^Es, Hd, Dd, Rd, Rd, Rd
Re, Re, Rd, Rd, Re, Rd, Rd^Es, Rd^Es, Dd, Dd^Edp, Dd^Ftd, Dd^Fdw, Dd, Rd, Rd, Dd, Rd^Qhh, Re, Re, Rd^Qhh, Rd^Qhh, Dd, Hd^Dr, Hd^Qhh, Hd^Qhh, Mdd, Hd^Es, Hd^Es, Hd, Dd^Qhu, Dd^Qhu, Rd^Qhu, Dd^Qhu, Rd, Rd, Hd, Rd^Qhu, Hd, Dd^Edp, Dd^Edp, Dd^Edp, Dd^Edp, Dd^Fdw, Rd, Rd, Rd
Rd, Re, Re, Re, Rd, Re^Es, Re, Rd, Rd, Dd^Edp, Rd, Dd^Edp, Dd^Edp, Dd, Dd^Wkf, Rd, Dd, Re^Qhh, Re^Qhh, Rd, Dd^Qhh, Hd, Hd, Hd^Qhh, Dd^Qhh, Hd^Dr, Hd, Hd^Es, Rd, Rd, Re, Rd, Re^Qhu, Dd^Qhu, Rd, Dd, Rd^Qhu, Dd^Qhu, Dd^Qhu, Dd, Rd^Qhu, Dd, Rd, Re^Vct, Rd, Rd
Rd, Rd, Rd, Dd, Rd, Re, Rd, Rr, Re, Rd, Rd, Rd, Rd, Rd, Rd, Dd^Es, Dd, Re, Rd, Dd^Qhh, Dd^Qhh, Dd^Edb, Dd^Es, Dd^Es, Re^Vct, Dd^Qhh, Dd^Es, Mdd, Dd, Re, Rd, Re, Re, Rd^Qhu, Rd, Rd, Rd, Rd^Qhu, Rd^Qhu, Rd^Qhu, Dd^Qhu, Hd, Dd, Rd, Rd, Dd
Dd, Dd, Ds^Edp, Dd, Dd, Dd^Edb, Dd, Rd^Es, Rd, Re, Rr, Dd, Rr, Re, Rd, Dd^Es, Dd^Es, Re, Rd, Re, Dd, Dd^Dc, Dd, Dd^Es, Dd^Edp, Dd^Esd, Rd, Rd, Hd^Dr, Rd^Qhu, Rd^Qhu, Rd, Re, Re^Qhu, Rd, Rd, Dd, Rd, Rd, Rd, Dd^Qhu, Hd, Dd, Rd^Qhu, Rd^Qhu, Dd
Ds, Ds, Ds, Rd, Ds, Dd, Ds^Wkf, Dd^Es, Dd^Es, Dd^Es, Dd, Re, Dd, Rr, Re, Re, Rr, Dd, Rd, Re, Rd^Es, Dd^Es, Dd, Dd^Edp, Dd^Es, Dd^Qhh, Dd^Qhh, Mdd, Mdd, Rd, Dd^Qhu, Dd^Qhu, Re^Qhu, Re, Rd^Qhu, Dd, Dd^Edp, Dd, Dd^Edp, Dd, Dd^Edp, Dd, Rd^Es, Rd, Rd, Rd^Qhu
Ww^Wkf, Ds^Wkf, Ds, Ds, Ds, Ds^Ftd, Ds, Dd, Dd, Dd, Dd^Ftd, Dd, Dd, Dd^Dc, Re, Re, Rd^Dr, Dd, Re, Re, Rd, Dd^Es, Dd, Dd^Es, Rd, Rd, Dd, Rd^Qhh, Dd^Qhh, Dd^Dr, Dd^Es, Dd^Qhu, Re^Qhu, Rd, Dd^Qhu, Dd, Dd^Edp, Dd^Ftd, Dd^Fdw, Dd^Edp, Dd^Feth, Dd^Qhu, Rd, Rd^Es, Rd, Dd
Ww, Ww^Wkf, Wwr^Es, Wwr, Ds, Dd^Ftd, Dd^Fdw, Dd^Ftd, Dd^Ftd, Gd^Efm, Gs^Ftd, Dd, Dd^Ftd, Dd, Dd^Edb, Dd, Rd, Rd, Rr, Re, Rd, Rd, Dd, Re, Rd, Dd, Rd, Dd, Rr, Dd^Es, Rr, Re, Dd, Dd^Qhu, Dd^Es, Dd^Qhu, Dd^Qhu, Dd, Dd^Es, Dd^Edp, Rd, Rd^Qhu, Rd^Qhu, Rd, Dd^Es, Dd
Ww, Ww^Wkf, Ww^Wkf, Wwr, Wwf^Es, Ds, Dd^Vda, Dd^Ftd, Gs^Ftp, Gs^Ft, Gs^Ft, Gs^Ftd, Gs^Ft, Dd^Ftd, Dd^Ftd, Gd^Efm, Rd, Rd^Dr, Rd, Rr, Rr, Dd^Dc, Rd, Dd, Rr, Rd, Rr, Rd, Rd, Dd^Esd, Re, Rd^Qhh, Dd^Qhh, Dd^Es, Hd^Dr, Dd, Rd, Re^Vct, Rd, Rd, Rd, Rd^Qhu, Rd, Dd, Dd^Es, Dd
Ww, Ww^Wkf, Ww, Ds^Wkf, Wwf, Wwf, Ds, Gs^Efm, Gs^Gvs, Gs^Gvs, Gs^Ft, Gs^Ft, Gs^Gvs, Gs^Gvs, Gs^Gvs, Gs^Ft, Cd, Rd, Cdr, Rd, Rr, Rd, Rd, Dd^Es, Rd, Re, Dd, Dd^Edb, Dd, Dd^Esd, Dd^Dc, Dd^Qhh, Dd^Qhh, Mdd, Mdd, Dd, Rd, Rd^Dr, Mdd, Dd, Rd, Rd, Rd, Dd, Dd, Dd^Es
Ww, Ww, Ww, Ds, Ww, Wwr, Ww, Cdr, Wwf^Wkf, Gs^Ftp, Gs^Gvs, Gs^Gvs, Wwf^Wkf, Gs^Gvs, Cdr, Gs^Ft, Cd, Cd, Cd, Cd, Rr^Ebn, Rr, Rr, Rr, Rd, Rd, Dd^Edb, Dd^Es, Dd^Es, Dd, Dd, Dd, Dd, Hd, Hhd^Dr, Dd, Dd^Qhh, Dd^Qhh, Dd^Qhh, Mdd, Dd^Es, Dd^Esd, Dd^Qhh, Dd^Qhh, Rd^Qhh, Dd
Ww, Ww, Ww^Wkf, Ww, Ds, Ds, Rd, Wwf, Wwf^Ewf, Wwf^Wkf, Wwf, Wwf, Cd, Wwf, Wwf^Ewf, Gd^Es, Rd, Rr, Re, Cd, Rr, Rr^Ebn, Cd, Rd, Rd, Re, Rd, Rd, Dd^Do, Dd^Es, Dd, Dd^Edp, Dd, Gd, Gd, Hhd, Dd, Dd^Es, Dd^Es, Rd^Dr, Dd^Es, Dd, Dd^Edp, Dd, Rd, Rd^Qhh
Ww, Ww, Ww, Ww^Wkf, Ds^Wkf, Dd^Vda, Ds, Wwf^Bw\, Rr, Gs^Ftp, Gs^Ftp, Cd, Kd, Rd^Vda, Rr, Gd^Efm, Rr, Rr, Rr, Rr^Es, Rd, Cd, Cd, Cdr, Rd, Rd^Dr, Dd^Es, Rd^Es, Dd^Es, Dd, Dd, Dd, Gd, Dd^Ftd, Gd, Gd, Dd^Ftd, Rd, Dd, Dd^Wkf, Dd^Fdw, Dd^Edp, Rd, Dd, Rd, Rd
Ww, Ww, Ww, Ww^Es, Ww^Wkf, Ds, Ww, Ww, Ds, Rr^Es, Rr^Es, Cd, Rd^Vda, Rr, Gd, Rr, Cd, Cd, Cd, Rr, Rr, Gd, Rr, Cdr, Cdr, Rd, Gd^Efm, Dd^Es, Dd^Ftd, Dd, Dd^Ftd, Gd, Wwf^Wkf, Gd^Efm, Wwf, Gs^Efm, Gs^Ftp, Gd, Gs^Ftp, Dd^Ftd, Dd^Ftd, Rd^Fdw, Rd, Rd, Rd, Dd
Ww, Ww, Ww, Ww, Ww, Ww, Wwr, Wwr, Ds, Rd, Rr, Rr, Rr, Gd, Rr, Rr, Cd, Kd, Cd, Rr, Rd, Rr^Es, Gd, Cd, Gs^Gvs, Gs^Gvs, Gs^Gvs, Gd^Ftd, Wwf, Wwf, Wwf^Wkf, Wwf, Gs^Ftp, Wwf, Dd^Ftd, Wwf^Ewf, Wwf, Gs^Ftp, Dd^Ftd, Gs^Ftp, Dd^Ftd, Dd, Hhd, Rd, Dd, Dd
Ww, Ww, Ww, Ww, Ww, Ww, Ww, Ww, Rr, Rr, Ds, Dd^Ftd, Ds, Rr, Gd^Vda, Rr, Rr, Cd, Rr, Rr, Rd, Gs^Efm, Wwf^Wkf, Gs^Ftp, Cd, Gs^Gvs, Gs^Ftp, Wwf^Ewl, Wwf, Gs^Ftp, Gs^Ftp, Gd^Efm, Gs^Ft, Gs^Efm, Gs^Ftp, Dd, Hd, Wwf^Wkf, Gs^Ftd, Gs^Ftp, Dd, Dd^Ftd, Hhd^Fdw, Rd, Hhd, Dd
Ww, Ww, Ww, Ww^Wkf, Rd^Wkf, Ww^Es, Wwg^Bw/, Wwg^Bw/, Wwr, Ds, Wwr, Wwr, Ds, Rd, Rd^Es, Gd, Rr, Rr, Rd^Es, Gd^Es, Gs^Ft, Rd^Vda, Cdr, Wwf, Wwf, Wwf^Ewf, Wwf^Wkf, Wwf, Gs^Gvs, Wwf^Wkf, Wwf^Wkf, Gs^Ftp, Gs^Ft, Gs^Ft, Gs^Ft, Gs^Ftp, Gs^Efm, Wwf, Gs^Ftp, Dd^Ftd, Hhd^Ftp, Hhd^Ftp, Gs, Hhd^Es, Hhd, Dd
Ww, Wwr, Wwr, Rd, Rd, Rd, Ww, Ww, Ww, Wwr, Wwr, Wwr, Ds, Rd, Rr, Rr, Gd, Rr^Es, Rr, Rr, Rd^Vda, Kd, Cd, Gs^Gvs, Gs^Gvs, Gs^Gvs, Gs^Gvs, Gs^Ftp, Gs^Ft, Gs^Ftp, Wwf, Gs^Ftd, Gs^Ftd, Gs^Ftd, Gs^Ft, Gs^Ftd, Gs^Ftd, Wwf, Gs^Ftd, Hhd^Ftp, Hhd^Fdw, Gs^Ftp, Hhd^Ftp, Hhd^Es, Hhd^Es, Hhd
Ww, Ww, Ww^Wkf, Ds, Ds, Wwf^Bw\, Wwf^Bw\, Ww, Ww, Ww, Ww, Ds, Wwf^Wkf, Ds, Wwf^Es, Wwf^Bw\, Rd, Rd^Vda, Rr, Gs^Ft, Dd, Cd, Dd, Gs^Gvs, Gs^Gvs, Gs^Gvs, Gs^Ft, Gs^Ft, Gs^Gvs, Gs^Gvs, Rd, Wwf^Ewf, Wwf, Wwf^Wkf, Wwf^Wkf, Gs^Ftp, Wwf, Wwf^Ewf, Gs^Ftd, Hhd^Ftd, Hhd^Ftp, Hhd^Ftp, Mdd, Hhd^Ftp, Hhd^Ftp, Hhd
Ww, Ww, Ww, Ds^Wkf, Ww, Ww, Ds, Rd, Wwr, Ww, Ww, Wwf, Ww^Wkf, Wwf, Ww^Wkf, Ds, Rd, Rr, Ds, Dd, Wwg^Es, Wwg^Wkf, Ds^Wkf, Ds, Rd, Ds, Rd, Rd, Rd, Rd, Gd^Fdw, Gd^Efm, Gs^Ftp, Gd^Fdw, Gs^Ftp, Wwf^Ewl, Wwf, Wwf, Wwf^Ewl, Hhd^Ftp, Hhd^Ftp, Mdd, Mdd, Mdd, Mdd, Hhd^Ftp
Ww, Ww, Ww, Ww^Wkf, Ww, Ww^Wkf, Ds^Wkf, Rd, Wwr, Ww, Ww, Ww, Ww, Ww, Ds, Ds^Wkf, Rr, Rr, Rr, Ds, Ds, Wwg^Wkf, Wwg^Bw/, Rd, Cdr, Rd, Dd, Rd, Gs, Re^Vct, Dd^Ftd, Gs^Ft, Gs^Ft, Gs^Fdw, Hhd^Ftp, Hhd^Ftp, Hhd^Ftp, Gs^Ftp, Wwf^Wkf, Wwf, Dd, Mdd, Mdd, Mdd, Mdd, Mdd
Ww, Ww, Ww, Ww, Ww, Ww, Ww^Wkf, Ww, Ww, Ww, Ww, Ww, Ww, Wwr, Wwg^Bw/, Wwg^Bw/, Ds, Dd^Vda, Rd, Rr, Rr, Wwg^Bw/, Ww, Ww^Es, Dd^Wkf, Ds, Ds, Ds, Dd^Ftd, Dd, Dd^Ftd, Gs^Ftp, Hhd^Es, Gs^Ftp, Mdd, Hhd^Ftp, Mdd, Hhd^Ftp, Hhd^Fdw, Wwf^Wkf, Hhd^Ftp, Mdd, Mdd, Mdd, Hhd^Ftp, Mdd
Ww, Ww, Ww, Ww, Ww, Ww, Ww^Wkf, Ww, Ww, Ww, Ww, Ww, Rd, Wwg^Bw/, Ww, Ds, Ds^Wkf, Ds^Wkf, Ds, Ds, Ds^Wkf, Ww, Ww, Ww, Ds^Wkf, Ds, Ds, Ds, Ds, Dd^Ftd, Hd, Hhd, Hhd^Ftp, Mdd, Hhd^Ftp, Mdd, Mdd, Hhd^Ftp, Hhd^Ftp, Hhd^Ftp, Mdd, Mdd, Mdd, Mdd, Hhd^Ftp, Hhd^Ftp
Ww, Ww, Ww, Ww, Ww, Ww, Ww, Ww, Ww, Ww, Ww^Wkf, Rd, Rd, Ds, Ds^Wkf, Ww^Wkf, Ww, Ww^Wkf, Wwr, Ww, Ww^Wkf, Ww, Ww^Wkf, Ww, Ww, Ww^Wkf, Ww^Es, Ds, Dd^Ftd, Ds, Hd, Hhd^Ftp, Hhd^Ftp, Mdd, Hhd^Ftp, Mdd, Hhd^Ftp, Mdd, Mdd, Mdd, Mdd, Mdd, Mdd, Mdd, Mdd, Mdd
Ww, Ww, Ww, Ww, Ww, Ww, Ww, Ww, Ww^Wkf, Ww^Wkf, Rd, Rd^Wkf, Ds, Ds, Ww^Wkf, Ww, Ww, Ww, Ww, Ww, Ww, Ww^Wkf, Ww, Ww, Ww, Wwr, Wwr, Wwr, Wwr, Ds, Hhd, Hhd^Ftp, Hhd^Ftp, Hhd^Ftp, Hhd^Ftp, Hhd^Ftp, Mdd, Hhd^Ftp, Mdd, Mdd, Mdd, Mdd, Mdd, Mdd, Mdd, Mdd
Dd, Ww, Ww, Ww, Ww, Ww, Ww, Ww, Ww, Ww, Ww, Ww, Ww, Ww, Ww, Ww, Ww, Ww, Ww, Ww, Ww, Ww, Ww, Ww, Ww, Wwr, Ww, Wwr, Ww, Ds, Ds, Hhd, Mdd, Mdd, Mdd, Mdd, Mdd, Mdd, Mdd, Mdd, Mdd, Mdd, Mdd, Mdd, Mdd, Mdd
